# task-qa-wave3.log — Wave 3 四模块独立回归验证（第二层 QA：qa-wave3b）

- 角色：只读验证方（不修改任何源码；变异实验一律当轮还原）
- 仓库：`F:\xy\iot-daq`（`/f/xy/iot-daq`）
- 起始 `git status --porcelain`：
  ```
  ?? .omo/evidence/task-19-mqtt-client.log
  ?? crates/daemon/src/north/
  ```
  → **注意**：`crates/daemon/src/north/`（task 19 mqtt.rs + mod.rs）**尚未入库**，
  但 `crates/daemon/src/lib.rs:24` 已 `pub mod north;`。即 lib.rs 已提交、模块文件未提交。
  与 team-lead 所述「四个模块均已提交入库」不符（scheduler/rules/signing 三个确已入库：
  150d148 / 96e0d2a / bdabb6e）。
- 环境前缀（每条 cargo 命令前都带）：
  ```bash
  cd /f/xy/iot-daq && export RUSTUP_HOME='D:\rust\rustup' CARGO_HOME='D:\rust\cargo' \
      PATH="/d/rust/mingw64/bin:/d/rust/cargo/bin:$PATH"
  ```

## A. 门禁复核（真实退出码）

```
$ cargo fmt -p daemon -- --check
FMT_EXIT=0

$ cargo clippy -p daemon --all-targets -- -D warnings
    Checking daemon v0.1.0 (F:\xy\iot-daq\crates\daemon)
    Finished `dev` profile [unoptimized + debuginfo] target(s) in 0.98s
CLIPPY_EXIT=0

$ cargo test --workspace
... daemon: test result: ok. 143 passed; 0 failed; 0 ignored; 0 measured; 0 filtered out
    licensing_server: 1 passed; 0 failed
    protocol_proto(lib): 1 passed; 0 failed
    protocol_proto(roundtrip): 4 passed; 0 failed
    doc-tests: 0
TEST_EXIT=0
```

- 与 team-lead 基线差异：**daemon 143 passed**（基线记 141）。差异来自 mqtt.rs
  （自述 22 个，实际 24 个测试）+ 期间工程师追加。以本次实测为准。
- 门禁三项均 EXIT=0 → **A: PASS**。

## B. 断言有效性审查

### B1 `scheduler.rs` — PASS
- `happy_path_independent_group_frequencies`（scheduler.rs:640）用
  `#[tokio::test(start_paused = true)]` + `tokio::time::advance`，断言
  `stats_a.polls() == 10` / `stats_b.polls() == 1`（:657-658），
  `samples()` 20 / 1（:662-663），并用 handler 侧**独立计数** `probe.polls("A") == 10`
  交叉验证（:665-667），还断言每批都是整组点位 `["a1","a2"]`（:668-671）。
  是真计数断言，不是"跑完没崩"。
- 零真实 sleep：`settle()`/`advance()` 只做 `yield_now` + `advance`（:541-562）。
- 错误隔离真实断言：`error_isolation_...`（:684）断言 broken 组
  `polls()==10 && errors()==10 && samples()==0`（:700-702），健康组不受影响（:706-708）。
- 超时路径真断言（`slow_group_timeout_does_not_block_fast_group`:714）。

### B2 `north/mqtt.rs` — PASS
- 自建 loopback mock broker（`spawn_mock_broker`:1224，`127.0.0.1:0`），手写 MQTT
  固定头编解码，不依赖外网。
- PUBACK 真断言：`publish_qos1_receives_puback`（:1486）断言
  `Outgoing::Publish(1)` 且 `Incoming(Packet::PubAck) pkid == 1`（:1512-1526），
  并校验 broker 侧收到的 `qos/topic/payload`（:1528-1532）。
- session_present 真断言：`broker_disconnect_triggers_reconnect_and_session_resume`
  （:1602）断言 `connack_sessions(events) == vec![true]`（:1645-1649）、
  `broker.connections() >= 2`、断线期入队报文重连后被 PUBACK（:1662-1671）。
- `clean_session=true` 对照实验**确实存在**：`clean_session_true_does_not_resume_session`
  （:1675）断言 `vec![false]`（:1695-1699）。对照成立。

### B3 `rules.rs` — PASS
- 委托 `DataProcessor` 的证据行：`rules.rs:664` `let processor = DataProcessor::new(configs)?;`
  （configs 由 `Transform::to_point_config` 生成，:658/:125-138），
  运行期 `rules.rs:687` `self.processor.process(sample)?`；死区 `Ok(None)` 直接返回空（:689）。
  本模块无 `value * scale + offset` 代码（grep 确认）。
- 委托的真断言：`transform_is_delegated_to_data_processor`（:1067）
  scale 0.1 + offset 2.0，原始 500 → 断言 52.0（:1087-1091）；
  `deadband_is_delegated_to_data_processor`（:1098）断言 0.5 变化被吞、2.0 变化放行。
- 时间戳字符串真断言：`timestamps_are_json_strings`（:1279）断言
  `payload["collected_ts_ns"].is_string()`、`device_ts_ns.as_str() == "1700000000123456789"`
  （:1288-1301）。编码点 `sample_payload` :901-911。

### B4 `auth/signing.rs` — PASS
- 验签失败类测试是真"改字段后断言 Err"：`assert_tampered_batch_fails`（:550）
  先签真批次 → `mutate` 篡改 → `verify_batch(...).expect_err(...)`（:560-561），
  再断言 `error_code() == 7000`。覆盖 unit/value/ts/gateway_id/batch.ts/quality/device_id。
- 签名块字段篡改：`tamper_block_fields_fails_verification`（:643）真改
  `nonce` / `ts_ns` / `mid` 后断言 `is_err()`（:653-672），并覆盖空 nonce（:675-680）。
- `semantic_hash` 排序断言真在做：`semantic_hash_is_order_independent_and_deterministic`
  （:786）先断言 fixture 真的被重排（:795-798），再断言 `semantic_hash(shuffled) == first`
  （:799-803），最后断言原签名仍可验（:806-810）。排序代码 `semantic_hash` :105-110。
- mid 来自 `MachineIdentity::get_machine_fingerprint()`：测试 `machine_fingerprint` :471-483，
  非自造哈希。

## C. 变异测试（证伪手段；每个变异当轮即还原）

方法：先 `cp` 备份原文件到 `/tmp/qa3bak/*.orig`，改 → `cargo test -p daemon --lib` → 记录 FAIL
→ 立刻 `cp` 回原文件 → `git diff --stat` 确认无残留。

| # | 文件:行 | 改了什么 | FAIL 的测试 | 还原 |
|---|---|---|---|---|
| 1 | `rules.rs:910` | `Value::String(sample.collected_ts_ns.to_string())` → `Value::from(sample.collected_ts_ns)`（时间戳由字符串翻转为 JSON number） | `rules::tests::timestamps_are_json_strings`（panicked at rules.rs:1288） | ✅ `git diff` 空 |
| 2 | `signing.rs:105-110` | `semantic_hash` 去掉 `points.sort_by(...)`，改按原顺序拼接 | `auth::signing::tests::semantic_hash_is_order_independent_and_deterministic`（signing.rs:795） | ✅ |
| 3 | `signing.rs:150` | 签名域去掉 `write_i64_field(&mut msg, "ts", ts_ns)` | `auth::signing::tests::tamper_block_fields_fails_verification`（signing.rs:662）+ `signing_message_is_domain_separated_and_length_delimited`（signing.rs:994） | ✅ |
| 4 | `signing.rs:151` | 签名域去掉 `write_str_field(&mut msg, "nonce", nonce)` | `tamper_block_fields_fails_verification`（:655）+ `nonce_is_fresh_per_signature`（:962）+ `signing_message_is_domain_separated_and_length_delimited`（:995） | ✅ |
| 5 | `scheduler.rs:391` | `let _ = execute_poll(...)` → `if execute_poll(...).is_err() { break; }`（失败即退出循环） | `scheduler::tests::error_isolation_failed_group_does_not_affect_others`（:706）+ `slow_group_timeout_does_not_block_fast_group`（:746） | ✅ |

原始输出（节选）：
```
MUT1: test rules::tests::timestamps_are_json_strings ... FAILED
      test result: FAILED. 142 passed; 1 failed
MUT2: test auth::signing::tests::semantic_hash_is_order_independent_and_deterministic ... FAILED
      test result: FAILED. 142 passed; 1 failed
MUT3: test auth::signing::tests::signing_message_is_domain_separated_and_length_delimited ... FAILED
      test auth::signing::tests::tamper_block_fields_fails_verification ... FAILED
      test result: FAILED. 141 passed; 2 failed
MUT4: 3 failed (tamper_block_fields / nonce_is_fresh_per_signature / signing_message_...)
MUT5: test scheduler::tests::slow_group_timeout_does_not_block_fast_group ... FAILED
      test scheduler::tests::error_isolation_failed_group_does_not_affect_others ... FAILED
      test result: FAILED. 141 passed; 2 failed
```

结论：**5/5 变异全部被测试捕获** → 红线有真守护，不是"测试绿但没断言"。

> 自查插曲（如实记录）：变异 2 还原后首次跑 E 时 cargo 未检测到源码变化（mtime 竞态），
> 连续 3 次跑的都是变异版二进制 → `semantic_hash_is_order_independent_and_deterministic`
> 连续 FAIL；`touch` 源文件强制重建后 3 次全绿（见 E）。**属我自己的构建残留，非代码不稳定。**

## D. 边界与错误路径（临时探针 `crates/daemon/tests/qa_wave3_probe.rs`，跑完即删）

探针以**调用方视角**构造输入，未改动任何源码。

### D1 `rules.rs` — PASS
17 类畸形输入**全部**返回 `DaemonError::ConfigError`（码 2000），无一 panic：
`op:"noop"`、未知 action kind、action 非对象、JSONPath `$..` / `$[abc]` / `$..value` /
`$.value[0`（未闭合 `[`）/ 空路径 / remap `fields` 非对象 / 顶层标量 / 对象无 `rules` /
空 id / 空 topic / transform 三个关键字段为空 / 重复 rule id / 负下标 `[-1]` /
where 嵌套路径 `$.value.x`。

### D2 `signing.rs` 闸门 — PASS（强证据）
注入探针 `KeyProvider`（取私钥时置 `AtomicBool`）：
- 闸门关闭 → `sign_semantic` 返回 `AuthError`(3000)，且 `called == false`
  → **私钥从未被取用，签名材料从未被构造**（不是"先产出再报错"）；
- 闸门打开对照组 → `called == true` 且签名非空 → 证明探针本身有效（非假阴性）。

### D3 `mqtt.rs` — 错误域 PASS，口令泄露 FAIL
```
[unreachable] code=6000 err=NetworkError: mqtt io: 由于目标计算机积极拒绝，无法连接。(os error 10061)
[tls]        code=7000 err=SecurityError: outlet tls: read ca_cert_path `...`: 系统找不到指定的路径。(os error 3)
```
- broker 不可达 → 6000（网络域）✅；TLS 证书文件缺失 → 7000（安全域）✅；均不 panic ✅。
- 错误串**不含**明文口令 ✅。
- ❌ **`EndpointConfig` 的 Debug 泄露明文口令**：
  `EndpointConfig { ..., username: Some("gw-user"), password: Some("TEST_ONLY_SuperSecret!Pw123"), ... }`
  根因：`north/mqtt.rs:303` `#[derive(Debug, Clone)]` 把 `password`（:316）一并打印；
  `north/mqtt.rs:754-763` 的 `MqttClient: Debug` 又 `.field("endpoint", &self.endpoint)`，
  故 `info!("{client:?}")` 一类诊断日志会把口令明文写进日志文件。

## E. 稳定性
```
E-RUN 1: test result: ok. 143 passed; 0 failed  EXIT=0
E-RUN 2: test result: ok. 143 passed; 0 failed  EXIT=0
E-RUN 3: test result: ok. 143 passed; 0 failed  EXIT=0
```
（touch 强制重建后连跑 3 次）→ **稳定，无 flaky**。
各模块测试数实测：scheduler 11 / mqtt 24 / rules 16 / signing 20（mqtt 自述 22，实为 24）。

## F. 红线扫描
- **unwrap/expect/panic/unreachable/todo/unimplemented**：排除 `#[cfg(test)]` 后，四个文件
  生产代码区**命中 0 处**（按 test mod 起始行过滤：scheduler 445 / rules 949 / signing 429 / mqtt 920）。→ PASS
- **硬编码私钥 / 激活码 / 口令**：生产代码 0 处。测试密钥全部 `TEST_ONLY_` 前缀且带
  「禁止用于真实部署」注释：signing.rs:437/441/444/447，mqtt.rs:1355。→ PASS
  （`StaticKeyProvider` Debug 脱敏 `<redacted>`，signing.rs:261-265，有单测守护）
- **口令进日志 / 错误串**：错误串不泄露；Debug 输出泄露 → FAIL（见 D3）。
- **日志点**：scheduler.rs:340/382 只打组名与错误文本，无敏感字段。

## G. 文档一致性
- mqtt.rs 宣称支持 mqtts 真实握手：实现路径 `TlsConfig::to_transport`（:226）→
  `ensure_rustls_provider()`（:283）→ `Transport::tls(ca, client_auth, alpn)`（:251）。
  `rustls::crypto::CryptoProvider::get_default()` **确为 Some**：守护性单测
  `north::mqtt::tests::tls_crypto_provider_is_installed`（:1885）实测通过，
  `ensure_rustls_provider_is_idempotent`（:1905）亦通过。team-lead 补的 rustls `ring` 特性生效，
  **无文档/实现不一致**。→ PASS
- 其余三文件模块头描述与实现逐条比对一致（semantic_hash 不签 protobuf 字节、handler 取
  `&self`、transform 委托 task 15 等均已核对）。

## H. 已知偏差复核
- **H1 scheduler `PollHandler::poll(&self)`**：偏差**属实且无问题**。trait 签名
  `scheduler.rs:143` 确为 `&self`；handler 放入 `Arc`（:219/:366）供多组共享；生产区
  **无任何锁**（唯一 `Mutex` 是 `GroupStats.last_error`，:158，仅 `record_failure` 内短临界区、
  不跨 await）。各组是独立 tokio task（:378），**不存在无锁串行退化**。
  Minor：`&self` 把「内部可变性不得持锁跨 await」的约束转嫁给实现方，测试用原子计数器，
  未覆盖「handler 内部持 Mutex 跨 await」场景；建议文档补一句硬约束。
- **H2 rules 通配规则**：偏差**属实**，且实测确认重复路由 —— 探针
  `d1_wildcard_rule_double_matches_same_sample` 输出
  `[wildcard] 命中规则 = ["scaled", "wildcard"], 消息数 = 2`。另一副作用：
  `has_wildcard == true` 时 `evaluate`（:683）不再丢弃未声明 source，所有样本走 passthrough。
  行为已被设计决策 2（rules.rs:46-49）与单测 `multiple_rules_hit_produce_multiple_messages`
  显式确认，属**有意为之**。风险判断 **Minor（可接受）**：北向按条计费/入库会重复；
  `passthrough` 缓存（:534，按 source_id 建 `DataProcessor`）在 source 集合无界时会无限增长。
- **H3 signing `bytes sig` 承载 base64 ASCII**：与 `protocol-proto` 约定**一致** ——
  `protocol-proto/src/lib.rs:9` 明写「`bytes`（value / sig）编码为 base64」；
  `to_proto`（:191-198）写 base64 文本、`from_proto`（:204-216）按 UTF-8 读回，往返自洽。
  Minor：JSON 通道下会出现 base64(base64(sig)) 双层编码，需与 task 62 双编码器对齐确认。

## FAIL 清单

| # | 位置 | 问题 | 严重度 | 复现 |
|---|---|---|---|---|
| 1 | `crates/daemon/Cargo.toml:53` | `rusqlite = { version = "0.40.2", features = ["bundled"] }` —— 红线 7 明文禁用的 C 依赖（bundled 只是把 sqlite3 C 源码拉进来用 cc 现编）。Cargo.lock 已含 `rusqlite` / `libsqlite3-sys` / `cc`；`offline_queue.rs` 目前只有「占位」两行 | **Blocker** | `git diff crates/daemon/Cargo.toml` |
| 2 | `crates/daemon/src/north/mqtt.rs:303`（`#[derive(Debug)]`）+ `:316`（`password` 字段）+ `:754-763`（`MqttClient: Debug` 打印 endpoint） | Debug 输出泄露明文口令；诊断日志会把口令写进日志文件 | **Major** | 探针 `d3_password_must_not_appear_in_debug_or_error_strings` |
| 3 | `crates/daemon/src/rules.rs:540/:683/:534` | 通配规则与 transform 规则重复命中同一条样本（实测 2 条消息）；`has_wildcard` 时未声明 source 也不再丢弃；`passthrough` 缓存无上限 | Minor | 探针 `d1_wildcard_rule_double_matches_same_sample` |
| 4 | `crates/daemon/src/auth/signing.rs:189-197` | `bytes sig` 装 base64 文本 → JSON 通道双层 base64，需与 task 62 对齐 | Minor | 读 `protocol-proto/src/lib.rs:9` + `to_proto` |
| 5 | `crates/daemon/src/scheduler.rs:143` + 文档决策 8 | `&self` 把「不得持锁跨 await」约束转嫁实现方，测试未覆盖持锁场景 | Minor | 读 `PollHandler` trait 与 `FakeHandler` |

## 结论
- Wave 3 四个模块**代码质量确实过硬**：门禁全绿、断言全部为真断言、5 个变异全部被捕获、
  17 类畸形输入全部 ConfigError 不 panic、闸门关闭时不触碰私钥、连跑 3 次零 flaky、
  生产代码零 unwrap/expect/panic、零硬编码密钥。
- 除上表 5 项外**未发现其他缺陷**。第 1 项（rusqlite）不在四个模块内，但属红线级，已单独上报。
- 本人未修改任何源码；变异已当轮还原，临时探针已删除。

================================================================================
# qa-wave3（第二路独立复核，与上方 qa-wave3b 并行，结论互相独立）
================================================================================
- 复核时间窗：2026-09-24 00:0x（会话期间仓库被并发提交：bdabb6e scheduler / 96e0d2a rules /
  150d148 signing 三个模块在我复核过程中入库；north/ 之后也入库）
- 环境前缀同上。**未修改任何源码**（变异实验全部当轮还原，见 C 节 sha256 校验）
- 变异实验期间观察到**另一路并发变异**（signing.rs mtime 00:05:24，与我的 M1 同窗口），
  其造成 M1 轮次中 3 个 signing 测试连带 FAIL；事后 sha256 比对确认 signing.rs 已复原
  （c8f393be...），单独复跑 `cargo test -p daemon auth::signing` → 20 passed。

## A. 门禁复核（qa-wave3 实测）

```
$ cargo fmt -p daemon -- --check          -> FMT_EXIT=0
$ cargo clippy -p daemon --all-targets -- -D warnings -> CLIPPY_EXIT=0
$ cargo test --workspace
  daemon            : 143 passed; 0 failed
  licensing-server  :   1 passed; 0 failed
  protocol-proto lib:   1 passed; 0 failed
  protocol-proto rt :   4 passed; 0 failed
  TEST_WS_EXIT=0
```
模块分布（`cargo test -p daemon -- --list`）：
`north::mqtt 24` / `auth::signing 20` / `rules 16` / `scheduler 11` / 其余 72 = 143。
→ 与 team-lead 基线（141）差 2，与 qa-wave3b 实测（143）一致。A: PASS。

## E. flaky 检查（连跑 3 次 `cargo test -p daemon`）

```
RUN1: 143 passed 0 failed (2.03s)
RUN2: 143 passed 0 failed (2.04s)
RUN3: 143 passed 0 failed (2.03s)
```
三轮全绿、单次 ~2s（说明 scheduler 的 `start_paused` 虚拟时钟生效，无真实 sleep）。
→ E: PASS（未观察到 flaky）。

## C. 变异测试（证伪；每条都已还原，末尾 sha256 校验）

| # | 文件:行 | 变异内容 | 命令 | FAIL 的测试 | 判定 |
|---|---------|---------|------|-------------|------|
| M1 | rules.rs:910 | `Value::String(sample.collected_ts_ns.to_string())` → `Value::from(...)`（时间戳改 JSON number） | `cargo test -p daemon` | **rules::tests::timestamps_are_json_strings** （另有 3 个 signing FAIL 系并发他路变异所致，非本变异） | **红线3 有守护 → PASS** |
| M2 | signing.rs:104-110 | 删掉 `points.sort_by(...)`（语义哈希不排序） | `cargo test -p daemon` | **auth::signing::tests::semantic_hash_is_order_independent_and_deterministic** | **PASS** |
| M3 | signing.rs:151 | 删掉 `write_str_field(&mut msg,"nonce",nonce)`（签名域去掉 nonce） | `cargo test -p daemon` | **signing_message_is_domain_separated_and_length_delimited**、**nonce_is_fresh_per_signature**、**tamper_block_fields_fails_verification** | **篡改检测有守护 → PASS** |
| M4 | scheduler.rs:391 | `let _ = execute_poll(...)` → `if execute_poll(...).is_err() { break; }`（失败即退出循环） | `cargo test -p daemon` | **error_isolation_failed_group_does_not_affect_others**、**slow_group_timeout_does_not_block_fast_group** | **PASS** |

还原校验（与变异前备份 sha256 逐位一致）：
```
2ab6ebd68040d3638e7f76c11618c5448d668f324731f270557dc031976ae3fb  rules.rs
c8f393bec305a10f3aad15295105e70f224b49525a28d8493098c793179f4c8e  auth/signing.rs
628801183137e4e2a77802868d10d5dd85171868e1fd42f4406667ccae2b22e6  scheduler.rs
386dd6a20ef8c1ebb5b06166c1da64611f75f691c31a600d11463667151065f1  north/mqtt.rs
```
→ C: 4/4 变异均被测试捕获，**红线 3 / 语义哈希排序 / 签名域完整性 / 错误隔离 均有真实守护**。

## D. 边界与错误路径（仓库外探针实测，未改动仓库）

探针：`/tmp/qa_probe`（独立 workspace，`daemon = { path = F:/xy/iot-daq/crates/daemon }`，
`CARGO_TARGET_DIR=/tmp/qa_target`），输出摘要：

```
[REJECTED] unknown cmp op `noop`        -> 2000 ConfigError
[REJECTED] unknown action kind          -> 2000 ConfigError
[ACCEPTED] unknown RULE-level field     -> rules=1   <<<< 未拒绝（缺陷，见 FAIL-1）
[REJECTED] unknown action field (qos)   -> 2000 ConfigError
[REJECTED] condition missing kind       -> 2000 ConfigError
[REJECTED] rules key is not array       -> 2000 ConfigError
[REJECTED] remap fields not object      -> 2000 ConfigError
[REJECTED] select unknown field         -> 2000 ConfigError
[REJECTED] publish empty topic          -> 2000 ConfigError
[REJECTED] duplicate rule id            -> 2000 ConfigError

通配规则语义：单条样本命中 2 条规则 [("alarm","alarms"), ("archive","archive")]
payload = {"collected_ts_ns":"1790179908835360600", ... "device_ts_ns":"1700000000123456789", ...}
collected_ts_ns is_string=true / device_ts_ns is_string=true

闸门关闭：[拒绝签名] code=3000 AuthError；attach -> is_err=true, batch.auth.is_none=true
闸门开启（对照）：verify_batch -> ok
broker 不可达(127.0.0.1:1) -> code=6000 NetworkError（未 panic）
证书文件缺失            -> code=7000 SecurityError（未 panic）
```
→ 非法 JSON / 未知 tag / 未知 action / 空 topic 全部 2000 且不 panic：**PASS**。
→ 闸门关闭确实不产出签名（AuthError 3000 + `auth` 保持 None）：**PASS**。
→ 不可达 / 证书缺失落在 6000 / 7000：**PASS**。
→ 唯一漏洞：规则**顶层**未知字段被静默忽略（FAIL-1）。

## F. 红线扫描

- `unwrap() | expect( | panic! | unreachable! | todo!`（排除 `#[cfg(test)]` 之后）：
  scheduler.rs / north/mqtt.rs / rules.rs / auth/signing.rs → **0 命中**。PASS。
- 硬编码私钥 / 口令：4 文件无生产密钥；测试常量 `TEST_ONLY_KEY_A/B`、
  `TEST_ONLY_FP_KEY_A/B`（signing.rs:437-447）、`TEST_ONLY_empty_username`（mqtt.rs:1355）
  均带 `TEST_ONLY_` 前缀并注明禁止生产使用。PASS。
- 依赖栈：`Cargo.lock` 无 `openssl-sys` / `native-tls` / `paho-mqtt`；
  `openssl-probe` 仅由 `rustls-native-certs` 传递引入（纯 Rust 路径探测，非 C 库）。
  **但 `crates/daemon/Cargo.toml:53` 引入了 `rusqlite = { features = ["bundled"] }`**
  → `libsqlite3-sys 0.38.2`（依赖 cc / pkg-config / vcpkg，需 C 工具链），
  且根目录 `Cargo.toml` 注释明写"禁止引入 C 编译依赖（rusqlite / openssl-sys 等）"。
  **红线 7 违反（FAIL-0）**。全仓 `grep -rn "rusqlite" crates/ --include=*.rs` 无引用 → 纯死依赖。
- 口令泄露：错误串（`publish`/`subscribe`/`map_connection_error`）**不含** password。
  **但 `EndpointConfig` 用 `#[derive(Debug)]`（mqtt.rs:303）且 `password: Option<String>`
  为裸字段，`MqttClient` 的 Debug（mqtt.rs:757）直接打印 `&self.endpoint`**
  → 实测 `format!("{client:?}")` 输出 `password: Some("SUPER_SECRET_PASSWORD_123")`。
  **FAIL-2（Major）**。

## G. 文档一致性

- `scheduler.rs` `//!` 8 条设计决策 vs 实现：逐条对上（interval_at / Delay / Arc 共享 /
  错误隔离 / poll_timeout）→ PASS。
- `mqtt.rs`：模块文档**未**宣称"已做 mqtts 真实握手"，只说"真正的 rustls 握手配置由
  rumqttc 在建连阶段惰性构建"（mqtt.rs:218-221），并有 `ensure_rustls_provider()`
  + `tls_crypto_provider_is_installed` 双重守护 → 文档与实现一致，PASS。
- `signing.rs`：文档声明"不签 protobuf 字节 / mid 不自造 / 闸门关闭不产出签名 / 零 panic"
  全部与实现一致 → PASS。
- `rules.rs:55-57` 声明"未知字段……全部在 `from_json` / `from_rules` 阶段返回 ConfigError"，
  **但规则顶层未知字段被静默接受**（见 D 节 `[ACCEPTED]`）→ **FAIL-1（文档亦失实）**。

## H. 已知偏差复核

- `scheduler.rs` `PollHandler::poll(&self)`（:143）：确认取 `&self`，调度器只把 handler 放进
  `Arc<H>`（:219/:366），自身**不加任何锁**；测试 FakeHandler 用 `AtomicU64` + `Mutex<Vec>`
  做内部可变性（:457-465）。→ 偏差属实且**无锁串行退化**；风险在实现方若用 `Mutex` 包连接，
  多组会串行，已由文档点明。PASS。
- `rules.rs` 通配规则（无 `transform` → `matches()` 恒 true，:728-733）：实测 1 条样本命中
  2 条规则并发布 2 次（见 D 节）。语义本身合理（"archive all" 场景），**但风险点**：
  ① 与"同一点位多条规则"叠加会重复发布；② 一旦 `transform` 键名拼错（见 FAIL-1），
  规则会**静默**降级为通配规则并全量转发。→ 设计可接受，风险需文档显式警告（Minor）。
- `signing.rs` `bytes sig` 承载 base64 ASCII（:196）：与
  `crates/protocol-proto/proto/telemetry.proto:6/25` 及 `src/lib.rs:9` 的
  "bytes 字段（value、sig）在 JSON 中编码为 base64 字符串" **一致** → PASS。
