   Compiling daemon v0.1.0 (F:\xy\iot-daq\crates\daemon)
    Finished `test` profile [unoptimized + debuginfo] target(s) in 1.48s
     Running unittests src\lib.rs (target\debug\deps\daemon-3c8ba8c9dcf2f247.exe)

running 45 tests
test auth::machine_id::tests::anchor_plans_match_design ... ok
test auth::machine_id::tests::key_from_env_paths ... ok
test auth::machine_id::tests::blank_anchor_values_are_unusable ... ok
test auth::machine_id::tests::quorum_tolerates_missing_anchor ... ok
test auth::machine_id::tests::anchor_order_is_irrelevant ... ok
test auth::machine_id::tests::linux_fingerprint_consistent_and_hex64 ... ok
test auth::machine_id::tests::windows_fingerprint_consistent_and_hex64 ... ok
test driver::tests::parse_is_trimmed_and_case_insensitive ... ok
test auth::machine_id::tests::empty_key_rejected ... ok
test auth::machine_id::tests::key_change_rotates_fingerprint_but_not_machine_id ... ok
test driver::tests::parse_s7_dbx_bit_address ... ok
test driver::tests::reconnector_default_backoff_sequence_caps_at_max ... ok
test driver::tests::mock_driver_implements_trait_end_to_end ... ok
test driver::tests::parse_invalid_address_returns_protocol_error ... ok
test driver::tests::mock_driver_read_requires_connection ... ok
test config::tests::defaults_apply_for_empty_document ... ok
test driver::tests::driver_is_object_safe_boxed ... ok
test auth::machine_id::tests::quorum_failure_is_explicit ... ok
test driver::tests::parse_empty_address_returns_error ... ok
test driver::tests::parse_malformed_addresses_rejected ... ok
test auth::machine_id::tests::different_machine_yields_different_fingerprint ... ok
test driver::tests::parse_mc_bit_area_m ... ok
test driver::tests::reconnector_clamps_invalid_config ... ok
test driver::tests::parse_s7_dbx_nonzero_fields ... ok
test driver::tests::reconnector_custom_config_sequence ... ok
test config::tests::invalid_toml_is_an_error ... ok
test auth::machine_id::tests::key_debug_is_masked ... ok
test error::tests::daemon_result_alias_works ... ok
test error::tests::fingerprint_error_converts_into_daemon_error ... ok
test error::tests::protocol_error_display_contains_message ... ok
test driver::tests::parse_mc_word_area_d ... ok
test logging::tests::config_accepts_log_dir ... ok
test error::tests::variants_construct_display_and_codes ... ok
test driver::tests::reconnector_reset_restores_initial ... ok
test error::tests::std_errors_convert_into_daemon_error ... ok
test logging::tests::default_config_matches_convention ... ok
test config::tests::parse_example_config ... ok
test logging::tests::invalid_filter_is_rejected ... ok
test logging::tests::json_format_outputs_json_lines ... ok
test logging::tests::level_filter_warn_suppresses_debug_and_info ... ok
test logging::tests::env_filter_supports_per_module_override ... ok
test config::tests::load_from_file ... ok
test logging::tests::rolling_daily_file_receives_events ... ok
test config::tests::hot_reload_picks_up_changes ... ok
test config::tests::hot_reload_failure_keeps_previous_config ... ok

test result: ok. 45 passed; 0 failed; 0 ignored; 0 measured; 0 filtered out; finished in 1.24s

   Doc-tests daemon

running 0 tests

test result: ok. 0 passed; 0 failed; 0 ignored; 0 measured; 0 filtered out; finished in 0.00s

=== fmt ===  
Diff in \\?\F:\xy\iot-daq\crates\daemon\src\driver\mod.rs:110:
     /// [`DaemonError::ProtocolError`]，错误消息包含原始输入，错误码 `ERR_PROTOCOL` = 1000。
     pub fn parse(raw: &str) -> DaemonResult<PointAddress> {
         let normalized = raw.trim().to_ascii_uppercase();
[31m-        let wrap = |detail: String| DaemonError::ProtocolError(format!("invalid point address {raw:?}: {detail}"));
[0m[32m+        let wrap = |detail: String| {
[0m[32m+            DaemonError::ProtocolError(format!("invalid point address {raw:?}: {detail}"))
[0m[32m+        };
[0m 
         if normalized.is_empty() {
             return Err(wrap("empty address".to_string()));
Diff in \\?\F:\xy\iot-daq\crates\daemon\src\driver\mod.rs:144:
         let (access, rest) = spec.split_at(1);
         match access {
             "X" => {
[31m-                let (start_raw, bit_raw) = rest
[0m[31m-                    .split_once('.')
[0m[31m-                    .ok_or_else(|| "DBX requires bit suffix .<bit> 0-7 (expected e.g. DB1.DBX0.0)".to_string())?;
[0m[32m+                let (start_raw, bit_raw) = rest.split_once('.').ok_or_else(|| {
[0m[32m+                    "DBX requires bit suffix .<bit> 0-7 (expected e.g. DB1.DBX0.0)".to_string()
[0m[32m+                })?;
[0m                 let start: u32 = start_raw
                     .parse()
                     .map_err(|_| format!("invalid byte offset {start_raw:?}"))?;
Diff in \\?\F:\xy\iot-daq\crates\daemon\src\driver\mod.rs:181:
         let bit = match area {
             'M' => true,
             'D' => false,
[31m-            other => return Err(format!("unsupported address area {other:?} (expected S7 DB… or MC M/D)")),
[0m[32m+            other => {
[0m[32m+                return Err(format!(
[0m[32m+                    "unsupported address area {other:?} (expected S7 DB… or MC M/D)"
[0m[32m+                ))
[0m[32m+            }
[0m         };
         if number_raw.is_empty() {
             return Err(format!("missing device number for area {area}"));
Diff in \\?\F:\xy\iot-daq\crates\daemon\src\driver\mod.rs:245:
     /// 序列：`initial → initial×multiplier → …`（每步以 `max` 封顶，封顶后保持不变）。
     pub fn next_delay(&mut self) -> Duration {
         let delay = self.current;
[31m-        self.current = self
[0m[31m-            .current
[0m[31m-            .saturating_mul(self.multiplier)
[0m[31m-            .min(self.max);
[0m[32m+        self.current = self.current.saturating_mul(self.multiplier).min(self.max);
[0m         delay
     }
 
Diff in \\?\F:\xy\iot-daq\crates\daemon\src\driver\mod.rs:287:
     #[test]
     fn parse_s7_dbx_nonzero_fields() {
         let addr = PointAddressParser::parse("DB12.DBX34.7").expect("valid");
[31m-        assert_eq!((addr.db, addr.start, addr.bit, addr.bit_index), (12, 34, true, 7));
[0m[32m+        assert_eq!(
[0m[32m+            (addr.db, addr.start, addr.bit, addr.bit_index),
[0m[32m+            (12, 34, true, 7)
[0m[32m+        );
[0m     }
 
     /// QA Happy: MC 位元件 "M100" → {area:'M', start:100, bit:true}。
Diff in \\?\F:\xy\iot-daq\crates\daemon\src\driver\mod.rs:332:
             "must be ProtocolError: {err:?}"
         );
         assert_eq!(err.error_code(), ERR_PROTOCOL, "error code domain 1000");
[31m-        assert!(err.to_string().contains("INVALID"), "message keeps input: {err}");
[0m[32m+        assert!(
[0m[32m+            err.to_string().contains("INVALID"),
[0m[32m+            "message keeps input: {err}"
[0m[32m+        );
[0m     }
 
     /// QA Error: 空串 / 纯空白 → ProtocolError。
Diff in \\?\F:\xy\iot-daq\crates\daemon\src\driver\mod.rs:340:
     fn parse_empty_address_returns_error() {
         for raw in ["", "   ", "\t"] {
             let err = PointAddressParser::parse(raw).expect_err("must be rejected");
[31m-            assert!(matches!(err, DaemonError::ProtocolError(_)), "for {raw:?}: {err:?}");
[0m[32m+            assert!(
[0m[32m+                matches!(err, DaemonError::ProtocolError(_)),
[0m[32m+                "for {raw:?}: {err:?}"
[0m[32m+            );
[0m             assert_eq!(err.error_code(), ERR_PROTOCOL);
         }
     }
Diff in \\?\F:\xy\iot-daq\crates\daemon\src\driver\mod.rs:349:
     #[test]
     fn parse_malformed_addresses_rejected() {
         let cases = [
[31m-            "DB",               // 缺 DB 号
[0m[31m-            "DBX0.0",           // 缺 DB 号
[0m[31m-            "DB1.",             // 缺访问规格
[0m[31m-            "DB1.DB",           // 缺访问类型
[0m[31m-            "DB1.DBX0",         // DBX 缺位号后缀
[0m[31m-            "DB1.DBX0.",        // 位号为空
[0m[31m-            "DB1.DBX.0",        // 字节偏移为空
[0m[31m-            "DB1.DBX0.9",       // 位号越界（>7）
[0m[31m-            "DB1.DBX0.0.1",     // 多余分段
[0m[31m-            "DB1.DBW0",         // 字访问不在 task 8 范围（S7 驱动任务扩展）
[0m[31m-            "DB1.DBB0",         // 字节访问不在 task 8 范围
[0m[31m-            "M",                // 缺元件号
[0m[31m-            "D",                // 缺元件号
[0m[31m-            "M-1",              // 负数元件号
[0m[31m-            "D100.5",           // 字元件不支持位后缀
[0m[31m-            "MX100",            // 元件号含字母
[0m[31m-            "X100",             // 未支持的 MC 区
[0m[31m-            "40001",            // Modbus 地址待 task 9 扩展
[0m[32m+            "DB",           // 缺 DB 号
[0m[32m+            "DBX0.0",       // 缺 DB 号
[0m[32m+            "DB1.",         // 缺访问规格
[0m[32m+            "DB1.DB",       // 缺访问类型
[0m[32m+            "DB1.DBX0",     // DBX 缺位号后缀
[0m[32m+            "DB1.DBX0.",    // 位号为空
[0m[32m+            "DB1.DBX.0",    // 字节偏移为空
[0m[32m+            "DB1.DBX0.9",   // 位号越界（>7）
[0m[32m+            "DB1.DBX0.0.1", // 多余分段
[0m[32m+            "DB1.DBW0",     // 字访问不在 task 8 范围（S7 驱动任务扩展）
[0m[32m+            "DB1.DBB0",     // 字节访问不在 task 8 范围
[0m[32m+            "M",            // 缺元件号
[0m[32m+            "D",            // 缺元件号
[0m[32m+            "M-1",          // 负数元件号
[0m[32m+            "D100.5",       // 字元件不支持位后缀
[0m[32m+            "MX100",        // 元件号含字母
[0m[32m+            "X100",         // 未支持的 MC 区
[0m[32m+            "40001",        // Modbus 地址待 task 9 扩展
[0m         ];
         for raw in cases {
             let err = PointAddressParser::parse(raw).expect_err(&format!("must reject {raw:?}"));
Diff in \\?\F:\xy\iot-daq\crates\daemon\src\driver\mod.rs:375:
                 "for {raw:?} must be ProtocolError: {err:?}"
             );
             assert_eq!(err.error_code(), ERR_PROTOCOL, "for {raw:?}");
[31m-            assert!(err.to_string().contains(raw), "message keeps input for {raw:?}: {err}");
[0m[32m+            assert!(
[0m[32m+                err.to_string().contains(raw),
[0m[32m+                "message keeps input for {raw:?}: {err}"
[0m[32m+            );
[0m         }
     }
 
Diff in \\?\F:\xy\iot-daq\crates\daemon\src\driver\mod.rs:419:
     fn reconnector_clamps_invalid_config() {
         let mut r = Reconnector::new(Duration::ZERO, Duration::from_millis(500), 0);
         assert_eq!(r.next_delay(), RECONNECT_MIN_DELAY, "zero initial floored");
[31m-        assert_eq!(r.next_delay(), RECONNECT_MIN_DELAY, "multiplier 0 floored to 1");
[0m[32m+        assert_eq!(
[0m[32m+            r.next_delay(),
[0m[32m+            RECONNECT_MIN_DELAY,
[0m[32m+            "multiplier 0 floored to 1"
[0m[32m+        );
[0m 
         let mut r2 = Reconnector::new(Duration::from_secs(10), Duration::from_secs(5), 2);
         assert_eq!(r2.next_delay(), Duration::from_secs(10), "initial kept");
=== clippy ===  
    Checking serde v1.0.229
    Checking thiserror v2.0.20
    Checking tokio v1.53.1
   Compiling protocol-proto v0.1.0 (F:\xy\iot-daq\crates\protocol-proto)
    Checking licensing-server v0.1.0 (F:\xy\iot-daq\crates\licensing-server)
    Checking toml_datetime v0.6.11
    Checking serde_spanned v0.6.9
    Checking tracing-serde v0.2.0
    Checking tracing-subscriber v0.3.23
    Checking toml_edit v0.22.27
    Checking tracing-appender v0.2.5
    Checking toml v0.8.23
    Checking daemon v0.1.0 (F:\xy\iot-daq\crates\daemon)
    Finished `dev` profile [unoptimized + debuginfo] target(s) in 4.05s
=== test workspace ===  
   Compiling licensing-server v0.1.0 (F:\xy\iot-daq\crates\licensing-server)
   Compiling tracing-subscriber v0.3.23
   Compiling protocol-proto v0.1.0 (F:\xy\iot-daq\crates\protocol-proto)
   Compiling tracing-appender v0.2.5
   Compiling daemon v0.1.0 (F:\xy\iot-daq\crates\daemon)
    Finished `test` profile [unoptimized + debuginfo] target(s) in 8.91s
     Running unittests src\lib.rs (target\debug\deps\daemon-33835996db89bfa1.exe)

running 45 tests
test auth::machine_id::tests::anchor_plans_match_design ... ok
test auth::machine_id::tests::key_debug_is_masked ... ok
test auth::machine_id::tests::key_from_env_paths ... ok
test driver::tests::parse_empty_address_returns_error ... ok
test driver::tests::reconnector_default_backoff_sequence_caps_at_max ... ok
test auth::machine_id::tests::blank_anchor_values_are_unusable ... ok
test auth::machine_id::tests::anchor_order_is_irrelevant ... ok
test driver::tests::parse_malformed_addresses_rejected ... ok
test auth::machine_id::tests::different_machine_yields_different_fingerprint ... ok
test auth::machine_id::tests::key_change_rotates_fingerprint_but_not_machine_id ... ok
test auth::machine_id::tests::linux_fingerprint_consistent_and_hex64 ... ok
test driver::tests::parse_invalid_address_returns_protocol_error ... ok
test driver::tests::parse_is_trimmed_and_case_insensitive ... ok
test driver::tests::parse_mc_bit_area_m ... ok
test auth::machine_id::tests::empty_key_rejected ... ok
test auth::machine_id::tests::quorum_failure_is_explicit ... ok
test auth::machine_id::tests::quorum_tolerates_missing_anchor ... ok
test driver::tests::parse_s7_dbx_nonzero_fields ... ok
test driver::tests::reconnector_clamps_invalid_config ... ok
test driver::tests::parse_mc_word_area_d ... ok
test driver::tests::mock_driver_read_requires_connection ... ok
test driver::tests::mock_driver_implements_trait_end_to_end ... ok
test driver::tests::driver_is_object_safe_boxed ... ok
test error::tests::fingerprint_error_converts_into_daemon_error ... ok
test error::tests::daemon_result_alias_works ... ok
test driver::tests::parse_s7_dbx_bit_address ... ok
test error::tests::variants_construct_display_and_codes ... ok
test config::tests::defaults_apply_for_empty_document ... ok
test driver::tests::reconnector_custom_config_sequence ... ok
test error::tests::protocol_error_display_contains_message ... ok
test config::tests::invalid_toml_is_an_error ... ok
test error::tests::std_errors_convert_into_daemon_error ... ok
test driver::tests::reconnector_reset_restores_initial ... ok
test logging::tests::config_accepts_log_dir ... ok
test logging::tests::default_config_matches_convention ... ok
test auth::machine_id::tests::windows_fingerprint_consistent_and_hex64 ... ok
test config::tests::parse_example_config ... ok
test logging::tests::invalid_filter_is_rejected ... ok
test logging::tests::json_format_outputs_json_lines ... ok
test logging::tests::level_filter_warn_suppresses_debug_and_info ... ok
test logging::tests::env_filter_supports_per_module_override ... ok
test config::tests::load_from_file ... ok
test logging::tests::rolling_daily_file_receives_events ... ok
test config::tests::hot_reload_picks_up_changes ... ok
test config::tests::hot_reload_failure_keeps_previous_config ... ok

test result: ok. 45 passed; 0 failed; 0 ignored; 0 measured; 0 filtered out; finished in 1.26s

     Running unittests src\lib.rs (target\debug\deps\licensing_server-180082e6b40f3983.exe)

running 1 test
test error::tests::variants_construct_display_and_codes ... ok

test result: ok. 1 passed; 0 failed; 0 ignored; 0 measured; 0 filtered out; finished in 0.00s

     Running unittests src\lib.rs (target\debug\deps\protocol_proto-80c5a2a0a6cbd9ad.exe)

running 1 test
test tests::quality_enum_json_names ... ok

test result: ok. 1 passed; 0 failed; 0 ignored; 0 measured; 0 filtered out; finished in 0.00s

     Running tests\roundtrip.rs (target\debug\deps\roundtrip-656c9e66503de921.exe)

running 4 tests
test int64_ts_beyond_2p53_roundtrip_exact ... ok
test auth_block_structure ... ok
test quality_enum_values_survive_roundtrip ... ok
test telemetry_batch_roundtrip_with_three_points ... ok

test result: ok. 4 passed; 0 failed; 0 ignored; 0 measured; 0 filtered out; finished in 0.00s

   Doc-tests daemon

running 0 tests

test result: ok. 0 passed; 0 failed; 0 ignored; 0 measured; 0 filtered out; finished in 0.00s

   Doc-tests licensing_server

running 0 tests

test result: ok. 0 passed; 0 failed; 0 ignored; 0 measured; 0 filtered out; finished in 0.00s

   Doc-tests protocol_proto

running 0 tests

test result: ok. 0 passed; 0 failed; 0 ignored; 0 measured; 0 filtered out; finished in 0.00s

=== fmt (after fix) ===  
=== clippy ===  
    Checking daemon v0.1.0 (F:\xy\iot-daq\crates\daemon)
    Finished `dev` profile [unoptimized + debuginfo] target(s) in 0.43s
=== test workspace ===  
   Compiling daemon v0.1.0 (F:\xy\iot-daq\crates\daemon)
    Finished `test` profile [unoptimized + debuginfo] target(s) in 1.38s
     Running unittests src\lib.rs (target\debug\deps\daemon-33835996db89bfa1.exe)

running 45 tests
test auth::machine_id::tests::anchor_plans_match_design ... ok
test auth::machine_id::tests::key_from_env_paths ... ok
test auth::machine_id::tests::empty_key_rejected ... ok
test auth::machine_id::tests::quorum_failure_is_explicit ... ok
test driver::tests::parse_empty_address_returns_error ... ok
test driver::tests::parse_mc_word_area_d ... ok
test driver::tests::parse_is_trimmed_and_case_insensitive ... ok
test auth::machine_id::tests::anchor_order_is_irrelevant ... ok
test auth::machine_id::tests::different_machine_yields_different_fingerprint ... ok
test auth::machine_id::tests::linux_fingerprint_consistent_and_hex64 ... ok
test auth::machine_id::tests::windows_fingerprint_consistent_and_hex64 ... ok
test driver::tests::mock_driver_implements_trait_end_to_end ... ok
test auth::machine_id::tests::key_debug_is_masked ... ok
test driver::tests::mock_driver_read_requires_connection ... ok
test auth::machine_id::tests::quorum_tolerates_missing_anchor ... ok
test driver::tests::parse_invalid_address_returns_protocol_error ... ok
test auth::machine_id::tests::blank_anchor_values_are_unusable ... ok
test driver::tests::parse_mc_bit_area_m ... ok
test driver::tests::parse_malformed_addresses_rejected ... ok
test driver::tests::parse_s7_dbx_bit_address ... ok
test driver::tests::parse_s7_dbx_nonzero_fields ... ok
test driver::tests::reconnector_default_backoff_sequence_caps_at_max ... ok
test driver::tests::reconnector_clamps_invalid_config ... ok
test driver::tests::reconnector_custom_config_sequence ... ok
test config::tests::defaults_apply_for_empty_document ... ok
test config::tests::invalid_toml_is_an_error ... ok
test driver::tests::driver_is_object_safe_boxed ... ok
test driver::tests::reconnector_reset_restores_initial ... ok
test error::tests::daemon_result_alias_works ... ok
test error::tests::fingerprint_error_converts_into_daemon_error ... ok
test error::tests::protocol_error_display_contains_message ... ok
test error::tests::std_errors_convert_into_daemon_error ... ok
test error::tests::variants_construct_display_and_codes ... ok
test logging::tests::config_accepts_log_dir ... ok
test auth::machine_id::tests::key_change_rotates_fingerprint_but_not_machine_id ... ok
test config::tests::parse_example_config ... ok
test logging::tests::default_config_matches_convention ... ok
test logging::tests::invalid_filter_is_rejected ... ok
test config::tests::load_from_file ... ok
test logging::tests::env_filter_supports_per_module_override ... ok
test logging::tests::level_filter_warn_suppresses_debug_and_info ... ok
test logging::tests::json_format_outputs_json_lines ... ok
test logging::tests::rolling_daily_file_receives_events ... ok
test config::tests::hot_reload_picks_up_changes ... ok
test config::tests::hot_reload_failure_keeps_previous_config ... ok

test result: ok. 45 passed; 0 failed; 0 ignored; 0 measured; 0 filtered out; finished in 1.27s

     Running unittests src\lib.rs (target\debug\deps\licensing_server-180082e6b40f3983.exe)

running 1 test
test error::tests::variants_construct_display_and_codes ... ok

test result: ok. 1 passed; 0 failed; 0 ignored; 0 measured; 0 filtered out; finished in 0.00s

     Running unittests src\lib.rs (target\debug\deps\protocol_proto-80c5a2a0a6cbd9ad.exe)

running 1 test
test tests::quality_enum_json_names ... ok

test result: ok. 1 passed; 0 failed; 0 ignored; 0 measured; 0 filtered out; finished in 0.00s

     Running tests\roundtrip.rs (target\debug\deps\roundtrip-656c9e66503de921.exe)

running 4 tests
test quality_enum_values_survive_roundtrip ... ok
test int64_ts_beyond_2p53_roundtrip_exact ... ok
test auth_block_structure ... ok
test telemetry_batch_roundtrip_with_three_points ... ok

test result: ok. 4 passed; 0 failed; 0 ignored; 0 measured; 0 filtered out; finished in 0.00s

   Doc-tests daemon

running 0 tests

test result: ok. 0 passed; 0 failed; 0 ignored; 0 measured; 0 filtered out; finished in 0.00s

   Doc-tests licensing_server

running 0 tests

test result: ok. 0 passed; 0 failed; 0 ignored; 0 measured; 0 filtered out; finished in 0.00s

   Doc-tests protocol_proto

running 0 tests

test result: ok. 0 passed; 0 failed; 0 ignored; 0 measured; 0 filtered out; finished in 0.00s

