=== task 9: Modbus TCP / RTU-over-TCP driver ===
date: 2026-09-23
scope: crates/daemon/src/driver/modbus.rs + driver/mod.rs (parse_modbus) + lib.rs (re-export)

=== modbus 专项测试（TDD 最终态） ===
   Compiling daemon v0.1.0 (F:\xy\iot-daq\crates\daemon)
    Finished `test` profile [unoptimized + debuginfo] target(s) in 3.00s
     Running unittests src\lib.rs (target\debug\deps\daemon-66eced99956018dc.exe)

running 13 tests
test driver::tests::modbus_parse_nonzero_and_normalized ... ok
test driver::tests::modbus_parse_input_register_30001 ... ok
test driver::tests::modbus_parse_holding_register_40001 ... ok
test driver::tests::modbus_parse_rejections_return_protocol_error ... ok
test driver::modbus::tests::modbus_validation_rejects_bad_points ... ok
test driver::modbus::tests::modbus_rtu_over_tcp_framing ... ok
test driver::modbus::tests::modbus_tcp_read_input_registers ... ok
test driver::modbus::tests::modbus_tcp_read_holding_registers ... ok
test driver::modbus::tests::modbus_exception_maps_to_protocol_error_without_reconnect ... ok
test driver::modbus::tests::modbus_tcp_write_single_register ... ok
test driver::modbus::tests::modbus_silent_server_times_out_to_protocol_error ... ok
test driver::modbus::tests::modbus_unreachable_connect_returns_network_error ... ok
test driver::modbus::tests::modbus_reconnect_after_connection_loss ... ok

test result: ok. 13 passed; 0 failed; 0 ignored; 0 measured; 0 filtered out; finished in 2.03s

=== fmt ===
（cargo fmt --all -- --check 无输出，exit 0）

=== clippy ===
    Checking daemon v0.1.0 (F:\xy\iot-daq\crates\daemon)
    Finished `dev` profile [unoptimized + debuginfo] target(s) in 0.94s
（cargo clippy --workspace --all-targets -- -D warnings 无警告）

=== test workspace ===
   Compiling daemon v0.1.0 (F:\xy\iot-daq\crates\daemon)
    Finished `test` profile [unoptimized + debuginfo] target(s) in 7.64s
     Running unittests src\lib.rs (target\debug\deps\daemon-d0efd4f9b1704163.exe)

running 58 tests
test auth::machine_id::tests::anchor_plans_match_design ... ok
test auth::machine_id::tests::empty_key_rejected ... ok
test auth::machine_id::tests::quorum_failure_is_explicit ... ok
test auth::machine_id::tests::blank_anchor_values_are_unusable ... ok
test auth::machine_id::tests::anchor_order_is_irrelevant ... ok
test auth::machine_id::tests::linux_fingerprint_consistent_and_hex64 ... ok
test auth::machine_id::tests::different_machine_yields_different_fingerprint ... ok
test auth::machine_id::tests::windows_fingerprint_consistent_and_hex64 ... ok
test driver::tests::modbus_parse_nonzero_and_normalized ... ok
test auth::machine_id::tests::key_from_env_paths ... ok
test auth::machine_id::tests::key_change_rotates_fingerprint_but_not_machine_id ... ok
test config::tests::defaults_apply_for_empty_document ... ok
test driver::tests::modbus_parse_input_register_30001 ... ok
test config::tests::invalid_toml_is_an_error ... ok
test auth::machine_id::tests::quorum_tolerates_missing_anchor ... ok
test driver::tests::mock_driver_implements_trait_end_to_end ... ok
test driver::tests::driver_is_object_safe_boxed ... ok
test driver::modbus::tests::modbus_validation_rejects_bad_points ... ok
test driver::tests::mock_driver_read_requires_connection ... ok
test driver::tests::modbus_parse_holding_register_40001 ... ok
test auth::machine_id::tests::key_debug_is_masked ... ok
test config::tests::parse_example_config ... ok
test driver::tests::modbus_parse_rejections_return_protocol_error ... ok
test driver::tests::parse_invalid_address_returns_protocol_error ... ok
test driver::tests::parse_is_trimmed_and_case_insensitive ... ok
test driver::tests::parse_mc_bit_area_m ... ok
test driver::tests::parse_s7_dbx_bit_address ... ok
test driver::tests::parse_s7_dbx_nonzero_fields ... ok
test error::tests::daemon_result_alias_works ... ok
test driver::tests::reconnector_reset_restores_initial ... ok
test error::tests::fingerprint_error_converts_into_daemon_error ... ok
test driver::modbus::tests::modbus_tcp_read_holding_registers ... ok
test driver::modbus::tests::modbus_exception_maps_to_protocol_error_without_reconnect ... ok
test driver::modbus::tests::modbus_tcp_read_input_registers ... ok
test driver::modbus::tests::modbus_tcp_write_single_register ... ok
test driver::tests::parse_mc_word_area_d ... ok
test driver::modbus::tests::modbus_rtu_over_tcp_framing ... ok
test error::tests::variants_construct_display_and_codes ... ok
test logging::tests::default_config_matches_convention ... ok
test error::tests::std_errors_convert_into_daemon_error ... ok
test logging::tests::invalid_filter_is_rejected ... ok
test driver::tests::reconnector_clamps_invalid_config ... ok
test driver::tests::reconnector_custom_config_sequence ... ok
test logging::tests::json_format_outputs_json_lines ... ok
test logging::tests::env_filter_supports_per_module_override ... ok
test driver::tests::parse_empty_address_returns_error ... ok
test logging::tests::level_filter_warn_suppresses_debug_and_info ... ok
test driver::tests::parse_malformed_addresses_rejected ... ok
test error::tests::protocol_error_display_contains_message ... ok
test logging::tests::config_accepts_log_dir ... ok
test driver::tests::reconnector_default_backoff_sequence_caps_at_max ... ok
test logging::tests::rolling_daily_file_receives_events ... ok
test config::tests::load_from_file ... ok
test driver::modbus::tests::modbus_silent_server_times_out_to_protocol_error ... ok
test config::tests::hot_reload_picks_up_changes ... ok
test config::tests::hot_reload_failure_keeps_previous_config ... ok
test driver::modbus::tests::modbus_unreachable_connect_returns_network_error ... ok
test driver::modbus::tests::modbus_reconnect_after_connection_loss ... ok

test result: ok. 58 passed; 0 failed; 0 ignored; 0 measured; 0 filtered out; finished in 2.05s

     Running unittests src\lib.rs (target\debug\deps\licensing_server-180082e6b40f3983.exe)
test result: ok. 1 passed; 0 failed; 0 ignored; 0 measured; 0 filtered out; finished in 0.00s

     Running unittests src\lib.rs (target\debug\deps\protocol_proto-80c5a2a0a6cbd9ad.exe)
test result: ok. 1 passed; 0 failed; 0 ignored; 0 measured; 0 filtered out; finished in 0.00s

     Running tests\roundtrip.rs (target\debug\deps\roundtrip-639656f602d6f5e8.exe)
test result: ok. 4 passed; 0 failed; 0 ignored; 0 measured; 0 filtered out; finished in 0.00s

   Doc-tests daemon / licensing_server / protocol_proto: 0 passed each

=== QA 对照（plan task 9 Acceptance） ===
- 4xxxx 保持寄存器（FC03）读：modbus_tcp_read_holding_registers ✓（大端拼接 + 请求日志断言）
- 3xxxx 输入寄存器（FC04）读：modbus_tcp_read_input_registers ✓
- 4xxxx 写单个寄存器（FC06）：modbus_tcp_write_single_register ✓（寄存器更新 + 写日志 + 请求日志）
- 异常响应 → ProtocolError(1000) 且不推进退避：modbus_exception_maps_to_protocol_error_without_reconnect ✓
- 拨号失败 → NetworkError(6000) 且推进退避：modbus_unreachable_connect_returns_network_error ✓
- 请求超时 → ProtocolError(1000) 且退避推进（初始+重连失败）：modbus_silent_server_times_out_to_protocol_error ✓
- 断线重连：flaky 服务器首连接即断 → 重连成功重试，退避不重置：modbus_reconnect_after_connection_loss ✓
- RTU-over-TCP 帧：slave id / FC03 / 地址 / 数量 / CRC16 低字节先发：modbus_rtu_over_tcp_framing ✓
- 本地校验（不触网）：输入区写拒绝 / 值非 2 字节拒绝 / count 0 与 126 拒绝：modbus_validation_rejects_bad_points ✓
- 解析器：40001/30001 归一化、非零字段、拒绝列表（00001/10001/4/40000/40001A/465537/90001）✓

=== 偏差记录 ===
- 实现文件位置：plan 未指定文件名，采用 crates/daemon/src/driver/modbus.rs（与 driver/mod.rs 同目录）。
- 模块注册：driver/mod.rs 加 `pub mod modbus;`，lib.rs 加 `pub use driver::modbus;`（供外部引用 ModbusDriver）。
- 真串口（tokio-serial）不在本任务范围：仅 TCP 与 RTU-over-TCP，串口留待后续 wave（模块 doc 已注明）。
- 错误映射：拨号失败/传输中断 → NetworkError(6000)；请求超时/异常/帧校验 → ProtocolError(1000)。
- 重连语义：connect() 成功 reset；恢复重连不 reset（保持退避推进）；重试仍失败再推进一次。
- 测试断言退避状态用 clone-peek（reconnector().clone().next_delay()），未给 Reconnector 加 current_delay()。