# task 16 组轮询调度器（GroupScheduler）— 证据日志

日期：2026-09-23
执行：engineer-sched（团队并行开发，Wave 2b）
环境：rustup `stable-x86_64-pc-windows-gnu` + mingw64（`D:\rust`）
      前缀 `export RUSTUP_HOME='D:\rust\rustup' CARGO_HOME='D:\rust\cargo' PATH="/d/rust/cargo/bin:/d/rust/mingw64/bin:$PATH"`
      （mingw64/bin 排在 rustup self-contained 之前，raw-dylib 链接正常）

交付物：`crates/daemon/src/scheduler.rs`（907 行，11 个单测）。**未 commit**。
本人未改动其它任何文件：`git status --porcelain` 中仅 `?? crates/daemon/src/scheduler.rs`
与 `?? .omo/evidence/task-16-scheduler.log` 属我；`Cargo.toml` / `lib.rs` / `auth/*` /
`north/` / `rules.rs` 的改动来自并行 agent（模块声明 `pub mod scheduler;` 由主理人预置）。

---

## 1. 门禁结果

```
$ rustfmt --edition 2021 --check crates/daemon/src/scheduler.rs   EXIT=0   本人文件零 diff
$ cargo fmt -p daemon -- --check                                  EXIT=1   仅他人文件（north/mqtt.rs）未格式化，见 1.4
$ cargo test -p daemon scheduler                                  EXIT=0   11 passed / 0 failed
$ cargo test -p daemon                                            EXIT=0   141 passed / 0 failed（全 crate 绿）
$ cargo clippy -p daemon --lib -- -D warnings                     EXIT=0   零告警
$ cargo clippy -p daemon --all-targets -- -D warnings             EXIT=101 仅他人文件（north/mqtt.rs，见 1.4）
                                                                         输出中 scheduler.rs 零命中
```

说明：并行开发窗口内 crate 的 test target 会被他人 WIP 文件反复打断；在
`north/mqtt.rs` 落地前的窗口内，`cargo clippy -p daemon --all-targets -- -D warnings`
与 `cargo fmt -p daemon -- --check` 均为 **EXIT=0**（全 crate 含 scheduler.rs）。

### 1.1 `cargo test -p daemon scheduler` 真实输出（EXIT=0）

```
running 11 tests
test scheduler::tests::invalid_group_config_rejected_at_construction ... ok
test scheduler::tests::accessors_expose_groups_and_zeroed_stats ... ok
test scheduler::tests::scheduler_rejects_empty_and_duplicated_groups ... ok
test scheduler::tests::poll_unknown_group_returns_config_error ... ok
test scheduler::tests::poll_all_isolates_errors_across_groups ... ok
test scheduler::tests::poll_all_runs_each_group_once_with_whole_group_points ... ok
test scheduler::tests::slow_group_timeout_does_not_block_fast_group ... ok
test scheduler::tests::shutdown_stops_all_group_tasks ... ok
test scheduler::tests::three_frequencies_coexist_independently ... ok
test scheduler::tests::error_isolation_failed_group_does_not_affect_others ... ok
test scheduler::tests::happy_path_independent_group_frequencies ... ok

test result: ok. 11 passed; 0 failed; 0 ignored; 0 measured; 108 filtered out; finished in 0.00s
```

### 1.2 稳定性复跑（真实 sleep 零等待，全虚拟时钟）

- dev profile 连跑 5 次：5 × `11 passed; 0 failed`
- release profile（`panic=abort` + LTO + thin LTO）：`11 passed; 0 failed`
- 全 crate `cargo test -p daemon`：最后一次 `141 passed; 0 failed`（含并行 agent 的
  driver / config / pipeline / rules / auth / logging / north 单测，均通过）
- 单测**零真实等待**：全部走 `#[tokio::test(start_paused = true)]` + `tokio::time::advance()`，
  11 个测试总耗时 0.00s

### 1.3 门禁过程中遇到并修掉的问题（均属本人文件）

1. `E0509`：`RunningScheduler` 实现 `Drop` 后不能在 `shutdown(self)` 中移出 `handles`
   → 改为 `shutdown(mut self)` + `std::mem::take(&mut self.handles)`（`Drop` 里重复 abort 幂等）。
2. `E0277`：`expect_err` 需要 `Debug` → 给 `GroupScheduler` 加 `#[derive(Debug)]`（条件派生，
   不强迫 `H: Debug` 用于其它场景）。
3. 时钟推进 off-by-one：组任务在**第一次 `advance()` 内部**才完成初始化，导致首拍漂移；
   且 `deadline == now` 边界上定时器还需一次调度轮询才就绪 → 测试侧加 `settle()`（start 后先
   让任务在 t=0 登记周期起点）+ `advance_steps()`（末尾多推进 1ms 跨边界）。修复前稳定的
   9/10、修复后稳定的 10/10，dev 与 release 均一致。
4. clippy `type_complexity`：`Arc<Mutex<Vec<(String, Vec<String>)>>>` → 提取 `type BatchLog`。
5. dead_code 告警（`-D warnings` 会炸）：`FakeHandler::polls` / `batches_for` 未被调用
   → 改为 `#[derive(Clone)]` 探针对象，在两个断言点真正使用它们（不是 `#[allow]` 掩盖）。

### 1.4 他人文件的影响（按主理人指示忽略，未修改）

- `crates/daemon/src/north/mqtt.rs`（task 19/62，并行 agent）：门禁后段出现
  `E0425: cannot find function drive_collect` 等 3 条编译错误 + rustfmt 未格式化 +
  clippy `this impl can be derived`（`BrokerOptions` 的 `Default`）。属对方 WIP，
  由对方自行修复；**clippy 全量输出中 `scheduler.rs` 零命中**。
- `crates/daemon/src/auth/signing.rs`（task 21，并行 agent）：门禁前段一度使 test target
  编译失败（`Arc<StaticKeyProvider>` / `Arc<AlwaysLicensed>` 未强制转为 `Arc<dyn ...>`），
  后由对方修复。

门禁期间 `crates/daemon/src/auth/signing.rs`（task 21，并行 agent WIP）一度使
`daemon` 的 **test target** 编译失败（`Arc<StaticKeyProvider>` / `Arc<AlwaysLicensed>`
未强制转为 `Arc<dyn ...>`）。该问题由对方自行修复；本人未改动该文件，
期间仅用 `cargo check -p daemon --lib`（EXIT=0）验证自身模块在非测试目标下编译通过。
最终全量运行时该问题已消失。

---

## 2. 测试清单（11 个，全部真实断言）

| # | 测试 | 覆盖点 | 关键断言 |
|---|---|---|---|
| 1 | `happy_path_independent_group_frequencies` | **QA Happy** | A(100ms, 2 点) 与 B(1s, 1 点) 并行推进 1s → `A.polls == 10`、`B.polls == 1`；再推进 1s → `A == 20`、`B == 2`；`samples` = 轮询数 × 组内点数（20 / 1）；handler 侧独立计数一致；每个批次都是整组点位 `["a1","a2"]` |
| 2 | `error_isolation_failed_group_does_not_affect_others` | **QA Error** | 组 `broken` 每拍返回 `ProtocolError("driver timeout")`：仍被调度 10 拍（`polls == 10`）、`errors == 10`、`samples == 0`、`last_error` 含 "driver timeout"；健康组 `fast` 完全不受影响（`polls == 10`、`errors == 0`、`samples == 10`） |
| 3 | `slow_group_timeout_does_not_block_fast_group` | 驱动卡死兜底 | `slow` 组 handler 睡 30s、`poll_timeout = 50ms` → 500ms 内快组严格 5 拍（`polls == 5`、`samples == 10`）；慢组 `samples == 0`、`errors` 在 2..=5（超时后继续被调度，且不 burst 补采）、`last_error` 含 "poll timeout" |
| 4 | `three_frequencies_coexist_independently` | 100ms / 1s / 10s 共存 | 推进 1s → `fast == 10`、`mid == 1`、`slow == 0`；`group_names` 顺序正确 |
| 5 | `invalid_group_config_rejected_at_construction` | 配置校验 | 7 个非法用例（空名 / 空白名 / 零间隔 / 空点位 / 空白点位 / 重复点位 / 零超时）全部 `ERR_CONFIG == 2000`；合法配置 + 链式超时通过 |
| 6 | `scheduler_rejects_empty_and_duplicated_groups` | 调度器构建校验 | 空组列表、重名组 → `ConfigError`（2000） |
| 7 | `poll_all_runs_each_group_once_with_whole_group_points` | 批量读取 | A(3 点)/B(1 点) 各跑一轮；`result == 3 / 1`；批次记录显示**一次调用收到整组 3 个点位**（而非逐点 3 次） |
| 8 | `poll_all_isolates_errors_across_groups` | 错误隔离 | 中间组失败：`outcomes.len() == 3`（其余组仍执行）、失败码 `ERR_PROTOCOL`、失败组 `errors == 1`、后续组 `samples == 1` |
| 9 | `poll_unknown_group_returns_config_error` | 未知组 | `poll_group("nope")` → `ConfigError`，且对已知组无副作用（`polls("A") == 0`） |
| 10 | `accessors_expose_groups_and_zeroed_stats` | 访问器 / 初始态 | `groups()` / `group()` / `stats()` / `polls()`；统计归零、`last_error == None` |
| 11 | `shutdown_stops_all_group_tasks` | 生命周期 | 3 拍后 `polls == 3`；`shutdown()` 后继续推进 500ms 仍为 3（任务确实停止） |

---

## 3. 关键设计决策（5 条）

1. **一组一 task 一 interval，频率天然隔离**。`start()` 为每个 `GroupConfig` spawn 一个
   `tokio::spawn` 任务，任务内持独立 `tokio::time::Interval`；组之间没有共享节拍源，
   慢组/故障组在物理上无法拖快慢组（测试 3 用 30s 卡死 + 50ms 超时实测通过）。

2. **首拍推迟一个周期 + `MissedTickBehavior::Delay`**。用 `interval_at(now + interval, interval)`
   而非 `interval()`（后者首拍立即完成），使 `已采集次数 == 已过时间 / 周期` 严格成立，
   QA 断言才可能精确；`Delay` 保证驱动阻塞后不 burst 补采（默认 `Burst` 会瞬时连发，
   放大南向压力，与「减少连接开销」的目标相悖）。

3. **轮询动作抽象为 `PollHandler` trait**（`async fn poll(&self, group, point_ids) -> DaemonResult<usize>`）。
   调度器不依赖具体驱动，单测注入计数器 / 故障注入器 / 卡死注入器即可覆盖全部 QA 场景，
   无需真实 Modbus 连接；同时为后续 task（真实驱动适配器、缓存、北向）留出唯一接缝。

4. **组内点位整批下发**（`point_ids: &[String]` 一次传入整组）。批量语义由 handler 实现方
   合并为尽量少的南向请求，调度器只保证「一轮一调用」——这正是「减少连接开销」的落地方式；
   测试 7 直接断言一次调用收到 3 个点位。

5. **错误隔离 + 可选单组超时 + 统计可观测**。单组失败只 `warn!` 并记 `errors`/`last_error`，
   循环绝不退出、绝不 panic；`poll_timeout` 用 `tokio::time::timeout` 兜底驱动无响应，
   超时按 `ProtocolError`（1000）计入统计。每组的 `polls / samples / errors / last_error`
   以 `Arc<GroupStats>` 暴露，供后续运维诊断与管理 API 直接复用。

---

## 4. 偏差说明（3 条）

1. **`PollHandler::poll` 取 `&self`，而非计划建议的 `&mut self`**（有意为之）。
   调度器必须把 handler 放进 `Arc` 供多个组任务共享；`&mut self` 会强制外层再包一层锁，
   让「多组并发轮询」退化成串行。内部可变性交给实现方按需选择（原子计数 / `Mutex` /
   驱动内部 `&mut` 通过 `Mutex` 保护），单测 handler 即采用原子计数 + `Arc<Mutex<BatchLog>>`。

2. **新增 `GroupConfig::poll_timeout`（可选）**，计划未显式要求。理由：QA Error 场景
   「某组驱动超时 → 不影响其他组」需要一个确定性的超时来源；仅靠 handler 自己返回 Err
   无法覆盖「驱动无响应、永远不返回」这一真实故障形态。该字段默认 `None`，不改变默认行为，
   且不属于「动态频率调整」（计划明令后置的能力）。

3. **新增 `GroupStats` / `RunningScheduler::shutdown()` / `GroupScheduler::poll_all()`**，
   计划未列明。`GroupStats` 是错误隔离与 QA 断言的必要观测面；`shutdown()` 是守护进程
   优雅停止的必备生命周期钩子（无它则任务只能靠运行时销毁终止）；`poll_all()` 提供
   「不依赖时间推进」的确定性驱动路径，让批量下发与错误隔离的断言与虚拟时钟解耦。
   三者均为纯增量 API，不影响计划要求的接口。

未做（计划明令后置）：动态频率调整、热重载组配置、跨组优先级/抢占、点位级重试策略。
