# task 62 北向双编码器 — 证据

## 交付
- crates/daemon/src/north/encoder.rs（约 1380 行，12 个单测 + 1 个 #[ignore] 性能基线）

## 门禁（EXIT）
- cargo fmt -p daemon -- --check → 0
- cargo clippy -p daemon --all-targets -- -D warnings → 0
- cargo test -p daemon north::encoder → 0（12 passed / 1 ignored）

## JSON 字段约定（三条红线）
1. 大整数：|v| <= 9007199254740991（JSON_SAFE_INTEGER_MAX）→ JSON number；超出 → **JSON 字符串**。
   解码侧两种形态都接受，一律还原为 i64，两条路径语义一致。
2. bytes：{"t": <类型前缀>, "b64": <标准 base64>}；类型前缀如 "f64le"（8 字节小端 IEEE754）
3. NaN/±Inf：value 为 null，数值有效性借 quality 表达（不与"值缺失"混淆）

## MQTT5 属性 / 3.1.1 降级
- content_type(): application/x-protobuf / application/json
- payload_format_indicator(): protobuf=0（二进制）/ json=1（UTF-8）
- MQTT 3.1.1 无属性 → v311_topic_suffix(): protobuf="" / json="/json"；JSON payload 内另有 enc 字段

## 性能基线（1000 点/批，50 次迭代，debug 构建）
  size:     protobuf=47285 B  json=162353 B  ratio=3.43x
  encode:   protobuf=753.4 µs/op  json=6456.6 µs/op  ratio=8.57x
  decode:   protobuf=1084.6 µs/op  json=5890.8 µs/op  ratio=5.43x
  per-point: protobuf=47.3 B/pt  json=162.4 B/pt
（debug 构建数字，release 会显著更低；供 task 39 压测对比）

## 与 task 19 对接
- 两个编码器均实现 north::mqtt::PayloadEncoder（单点粒度）+ 本模块 BatchEncoder（批级）
- 编码器声明的 encoding 与端点声明不一致 → ConfigError(2000)（由 mqtt.rs 校验）

## 主理人收口修复（429 中断后续修）
1. parse_encoding_rejects_unknown_values 测试逻辑反了（unwrap_or_else 会 panic 且 err 是 Encoding）
   → 改 expect_err
2. 两处 `Enc.encoding()` 因同时实现两个 trait 报 E0034 歧义 → 显式 BatchEncoder::encoding(...)
3. 未使用变量 json → 补一条"截断 JSON 也不 panic"的断言，把变量用起来（增强而非删除）
4. clippy manual_range_contains → !(-MAX..=MAX).contains(&value)
