# 验证证据：B 档审计回执服务端验签（安全红线修复）

日期：2026-09-24
执行：主理人（原派 engineer-licensing-2，其会话故障未交付，改由主理人实现）

## 1. 缺陷定性

**修复前** `crates/licensing-server/src/service.rs::audit_receipt` **完全无验签**：
`req.sig` 唯一出现处是 `sig: req.sig.clone()`（原样落库），从未参与任何校验。

后果链：
1. 任何人构造 `sig` 为 `"x"` 的回执 → `accepted=true`；
2. 伪造记录写入 `audit_receipt` 表 → 推进序号窗口 → **真实跳空告警被掩盖**；
3. 整条 B 档信任链（网关签名 + 单调序号 + 序号区间跳空检测）**形同虚设**。

定级：**当前项目最严重缺陷**（B 档是默认拓扑，影响面最大）。

## 2. 修复内容

### 2.1 新增 `crates/licensing-server/src/receipt.rs`（15 测试）
- `render_receipt_signing_message`：确定性域串（无 nonce）
- `receipt_payload_hash`：`SHA-256("iotdaq.receipt.semantic.v1|" ++ 域串)`
- `verify_receipt_signature`：校验顺序 = 数值解析 → 区间方向 → **时序窗先于验签** →
  空签名快速拒绝 → `ring.verify_any(&payload_hash, &sig)`
- `decode_signature`：只接受 STANDARD base64（拒 URL-safe / no-pad）
- `parse_receipt_ints`：溢出拒绝而非截断

**关键**：与 daemon 侧 `sign_receipt` 走同一条域串 + 同一层 SHA-256 预哈希。
契约文档 `docs/design/licensing-api.md` 已注明该二级域。

### 2.2 `service.rs::audit_receipt` 插入验签（规则 2.5）
位置：**租约校验之后、幂等与跳空检测之前**。
- 在租约校验后：避免为不存在的 lease 消耗验签 CPU
- 在幂等/跳空之前：**不可信数据不得参与任何业务判定或短路返回**
  （否则伪造回执可借「与上一条同区间」路径拿到 `accepted=true`）
- 失败处理：**拒收**（返回 `TokenInvalid`）+ **记审计**
  （`action = "receipt_signature_invalid"`，entity 锚定 lease，便于按租约聚合风控）

### 2.3 新增 `error_code()` 私有辅助
输出稳定短串（不含请求原文），供 `audit_log.detail` 按类型聚合，无需解析自由文本。

### 2.4 补测（4 条安全红线 + 1 条语义澄清）
| 测试 | 断言 |
|---|---|
| `forged_receipt_is_rejected_by_service` | 伪造签名 → `TokenInvalid` 且 **`list_receipts_by_lease` 为空**（核心证据） |
| `forged_receipt_attempt_is_audited` | 伪造尝试留痕，entity 锚定 lease |
| `tampered_signed_receipt_is_rejected_before_touching_state` | 篡改 `seq_to` → 拒绝且状态未污染 |
| `forged_receipt_cannot_advance_sequence_window` | 伪造「大序号」回执被拒后，合法续窗仍判 `None`（回归守卫） |
| `audit_receipt_allows_late_backfill_within_clock_window` | 补报语义澄清：落后 4 分钟（窗内）必须接受 |
| `audit_receipt_rejects_receipt_older_than_clock_window` | 补报下界：`ts` 超窗 → 拒绝 |

**语义澄清（重要）**：原测试 `audit_receipt_allows_late_backfill` 用「30 天前的 ts」断言被接受，
与新增的时序窗校验冲突。核实设计 §1.4 第 5 条后确认：
「延迟补报」指**网关侧队列积压**（分钟~小时量级），**时序窗仍然适用**（它防的是重放旧回执）。
故拆成「窗内接受」+「超窗拒绝」两条，语义边界比原来更清晰。

## 3. 变异实验（证明测试真能抓 bug）

施加变异：用 `verify_receipt_signature_mutant` 替换真实验签 —— 该替身只解析字段格式，
**不校验签名有效性**（精确等价于修复前的行为）。

结果：**5 条测试失败**
```
FAILED service::tests::audit_receipt_rejects_receipt_older_than_clock_window
FAILED service::tests::forged_receipt_is_rejected_by_service
FAILED service::tests::forged_receipt_attempt_is_audited
FAILED service::tests::forged_receipt_cannot_advance_sequence_window
（+ tampered 系列）
test result: FAILED. 151 passed; 5 failed
```
还原后 156/156 全绿。→ **新增测试对「跳过验签」这一缺陷具有真实捕获能力**，非空跑。

## 4. 三门禁（workspace）

```
cargo fmt --all -- --check                → FMT OK
cargo clippy --workspace --all-targets -- -D warnings  → Finished（零 warning）
cargo test --workspace:
  daemon            233 passed; 0 failed; 1 ignored
  licensing-server  156 passed; 0 failed
  protocol-proto      1 passed; 0 failed
  集成测试            4 passed; 0 failed
  合计              394 passed; 0 failed
```

## 5. 环境 / 工具链

```
export RUSTUP_HOME='D:\rust\rustup' CARGO_HOME='D:\rust\cargo'
PATH="/d/rust/cargo/bin:/d/rust/mingw64/bin:$PATH"   # mingw64 必须在 rustup 之前
HTTP_PROXY= HTTPS_PROXY= http_proxy= https_proxy= NO_PROXY='*'
```

## 6. 过程中的两次自我纠正

1. **首次全量测试报 1 failed（`http::tests::audit_receipt_success_and_whitelist_reject`，
   401 TOKEN_EXPIRED）** → 单独跑该测试通过、连续 6 轮全量测试也通过。
   根因：**两个 cargo 进程竞争构建锁**（日志有 `Blocking waiting for file lock`），
   那次跑的是 `http.rs` 最新改动落盘前的旧二进制。
   **教训：`Blocking waiting for file lock on build directory` 出现时，测试结果不可信。**
2. **clippy 两处**：`debug_assert_eq!(x, false)`（字面 bool）→ 改 `Ok(_verified) => {}`；
   测试内 `Vec<(&str, Box<dyn Fn(...)>)>` 触发 `type_complexity` → 提 `type Mutation` 别名。

## 7. 遗留

- `engineer-rules-2` 的 `http.rs`（610 行 / 11 端点）尚未提交，其 `audit_receipt_success_and_whitelist_reject`
  已自带真实签名（说明该工程师已适配验签），但**该文件仍在编辑中**，本次提交不卷入。
- 待其完成后需单独复核 `http.rs` 的回执端点是否把 `TokenInvalid` 正确映射为 HTTP 401。
