# task 20 MQTT 转发规则引擎（RuleEngine）— 证据日志

日期：2026-09-23
执行：engineer-rules（团队并行开发，Wave 3）
环境：rustup `stable-x86_64-pc-windows-gnu` + mingw64（`D:\rust`）
      前缀 `export RUSTUP_HOME='D:\rust\rustup' CARGO_HOME='D:\rust\cargo' PATH="/d/rust/cargo/bin:/d/rust/mingw64/bin:$PATH"`

交付物：`crates/daemon/src/rules.rs`（1426 行，16 个单测）。**未 commit**，未改动其它任何文件
（`git status` 仅 `?? crates/daemon/src/rules.rs` 属我；其余改动来自并行 agent）。

---

## 1. 门禁结果

```
$ cargo fmt -p daemon                                       EXIT=0   （无改动，已是规范格式）
$ cargo test -p daemon rules                                EXIT=0   16 passed / 0 failed / 103 filtered out
$ cargo clippy -p daemon --lib -- -D warnings               EXIT=0   零告警（含 rules.rs）
$ cargo clippy -p daemon --all-targets -- -D warnings       EXIT=101（仅剩 scheduler.rs 2 条，见 1.2）
```

### 1.1 `cargo test -p daemon rules` 真实输出（仓库内，EXIT=0）

```
running 16 tests
test rules::tests::malformed_json_is_config_error_2000 ... ok
test rules::tests::duplicate_rule_id_and_source_are_rejected ... ok
test rules::tests::deadband_is_delegated_to_data_processor ... ok
test rules::tests::publish_order_and_multiple_topics ... ok
test rules::tests::object_form_with_rules_key_is_accepted ... ok
test rules::tests::remap_renames_fields_before_publish ... ok
test rules::tests::qa_happy_temp_over_30_routes_to_alarms ... ok
test rules::tests::and_or_not_combinations ... ok
test rules::tests::multiple_rules_hit_produce_multiple_messages ... ok
test rules::tests::empty_rule_set_and_unconditional_rule ... ok
test rules::tests::invalid_where_field_or_op_is_config_error ... ok
test rules::tests::transform_is_delegated_to_data_processor ... ok
test rules::tests::unknown_source_without_wildcard_rules_is_dropped ... ok
test rules::tests::route_evaluates_already_processed_samples ... ok
test rules::tests::select_whitelist_limits_payload_keys ... ok
test rules::tests::timestamps_are_json_strings ... ok

test result: ok. 16 passed; 0 failed; 0 ignored; 0 measured; 103 filtered out; finished in 0.00s
TEST_EXIT=0
```

### 1.2 并行干扰（clippy 门禁被他人文件挡住，非 rules.rs 问题）

Wave 3 为并行开发，`cargo clippy -p daemon --all-targets` 需要**整个 daemon crate 编译通过**。
三次尝试的失败点全部落在他人文件中，`rules.rs` 零诊断：

| 时间 | 阻塞文件 | 报错 |
|---|---|---|
| 第 1 次 | `crates/daemon/src/auth/signing.rs` | `error: use of deprecated associated function Quality::from_i32`（line 130）+ 11×E0308（`Arc<StaticKeyProvider>` vs `Arc<dyn KeyProvider>`，line 837/842/846/850/855） |
| 第 2 次 | `crates/daemon/src/scheduler.rs` | `error[E0425]: cannot find function execute_poll in this scope`（line 289） |
| 第 3 次 | `crates/daemon/src/scheduler.rs` | `required by a bound in scheduler::execute_poll`（line 319），lib test 9 errors |
| 第 4 次（最终） | `crates/daemon/src/scheduler.rs` | 仅剩 2 条：`methods polls and batches_for are never used`（line 488）+ `very complex type ... Arc<Mutex<Vec<(String, Vec<String>)>>>`（line 461，`clippy::type_complexity`） |

最终态核对（第 4 次）：

```
$ cargo clippy -p daemon --all-targets -- -D warnings | grep -c "rules\.rs"   → 0   （rules.rs 零诊断）
$ cargo clippy -p daemon --lib -- -D warnings                                 → EXIT=0
    Checking daemon v0.1.0 (F:\xy\iot-daq\crates\daemon)
    Finished `dev` profile [unoptimized + debuginfo] target(s) in 0.92s
```

已私信 engineer-sched / engineer-sign 请求落地后通知；`scheduler.rs` 编译恢复后需重跑门禁
（预期 EXIT=0，见 1.3 的隔离验证结论）。**本人未修改任何他人文件。**

### 1.3 隔离验证（排除他人文件干扰，证明 rules.rs 自身零告警 / 全绿）

在仓库外 `/tmp/rulescheck`（`C:\Users\ww_to\AppData\Local\Temp\rulescheck`）建临时 crate，
只装入三个模块的**副本**：`error.rs`（极简 `DaemonError`）/ `pipeline.rs`（仓库原样拷贝）/ `rules.rs`（本次交付原样拷贝），
依赖 `protocol-proto` 走原路径：

```
$ cargo test --offline rules                                EXIT=0
    running 16 tests
    test rules::tests::qa_happy_temp_over_30_routes_to_alarms ... ok
    ...（16 条全 ok）
    test result: ok. 16 passed; 0 failed; 0 ignored; 0 measured; 14 filtered out; finished in 0.00s

$ cargo clippy --offline --all-targets -- -D warnings       EXIT=0
    Checking rulescheck v0.1.0
    Finished `dev` profile [unoptimized + debuginfo] target(s) in 7.07s
```

结论：**rules.rs（含 `#[cfg(test)]` 模块）在 `-D warnings` 下零告警，16/16 单测通过。**

---

## 2. 交付物

- `crates/daemon/src/rules.rs` — 1426 行，16 个单测。
- 未改动 `lib.rs` / `Cargo.toml` / `pipeline.rs`（`pub mod rules;` 已由主理人预先声明）。

### 公开签名（一行）

```rust
pub struct RoutedMessage { pub rule_id: String, pub topic: String, pub payload: serde_json::Value }
pub struct RuleEngine::from_json(&str) -> DaemonResult<Self>; from_rules(Vec<Rule>) -> DaemonResult<Self>;
   evaluate(&mut self, RawSample) -> DaemonResult<Vec<RoutedMessage>>; route(&self, &ProcessedSample) -> Vec<RoutedMessage>; rule_count() -> usize
```

### 关键设计

1. **数值变换 / 死区委托 task 15**：`Rule.transform` 在构造期翻译成 `PointConfig` 交给
   `DataProcessor::new`；`evaluate` 全程不自算 `value * scale + offset`，死区由
   `DataProcessor` 判定（`Ok(None)` → 不产出）。单测 4/5 用 `scale 0.1 + offset 2.0`（500 → 52.0）
   与 `deadband 1.0`（0.5 被吞 / 2.0 放行）**证明走的是 DataProcessor**。
2. **时间戳是 JSON 字符串**（项目红线）：`device_ts_ns` / `collected_ts_ns` 编码为 string，
   数值比较时按 `f64` 解析回；单测 `timestamps_are_json_strings` 断言 `is_string()` 且
   `device_ts_ns == "1700000000123456789"`（> 2^53-1，若用 number 会丢精度）。
3. **构造期校验、运行期不 panic**：未知字段 / 字段类型与比较符不匹配 / 非法 JSONPath /
   重复 rule id / 空 topic / 重复 `transform.source_id` 全部 → `ConfigError`（错误码 2000）。
   单测 8 断言 `error_code() == 2000`，单测 9 覆盖 6 类语法错误。
4. **求值顺序**：WHERE（完整 payload）→ SELECT（投影）→ DO（按数组顺序，Remap 只影响其后的 Publish）。
5. **JSONPath 最小子集**：`$` 根 + `.` 字段 + `[n]` 下标；非法路径构造期 `ConfigError`。

### 已知偏差（已告知主理人）

- `Condition` / `Action` 的 `Deserialize` 为**手写实现**（非 `#[serde(tag = "kind")]` derive）：
  serde 的内部标签表示无法同时自然表达「结构体变体 `cmp`」与「元组变体 `and/or/not`」
  （后者在 map 形态下无法反序列化）。公开类型名、变体形状、JSON `kind`/字段名与契约完全一致，
  并额外实现了 `deny_unknown_fields` 语义（未知字段 → `ConfigError`）。
- 无 `transform` 的规则按契约定义为**通配规则**（匹配所有样本，样本走 task 15 `passthrough` 配置，
  `device_id`/`point_id` 取 `source_id`，`unit` 为 `raw`）；因为一个 `source_id` 只能被一条规则
  声明 `transform`（重复由 `DataProcessor` 报 `ConfigError` 透传），「同一点位多条规则」需从第二条起省略 `transform`。
