task 19 — MQTT 客户端（北向转发出口）实现证据
================================================================================
交付文件：crates/daemon/src/north/mqtt.rs（1862 行，单文件交付，未改动任何其他文件）
提交：本任务不 commit（主理人统一提交：feat(mqtt): implement MQTT client with rustls）
日期：2026-09-23

--------------------------------------------------------------------------------
一、门禁输出摘要（三道门禁 EXIT 全 0）
--------------------------------------------------------------------------------
环境前缀（每条 cargo 命令均带）：
  export RUSTUP_HOME='D:\rust\rustup' CARGO_HOME='D:\rust\cargo' \
    PATH="/d/rust/cargo/bin:/d/rust/mingw64/bin:$PATH"

1) cargo fmt -p daemon -- --check
   EXIT=0（零 diff）
   说明：初始自检在本文件报 6 处格式差异，已用 `rustfmt --edition 2021
   crates/daemon/src/north/mqtt.rs` **只格式化本文件**（避免触碰他人并行文件）后复检通过；
   他人文件未报未格式化。

2) cargo test -p daemon
   EXIT=0
   test result: ok. 141 passed; 0 failed; 0 ignored; 0 measured; 0 filtered out
   （其中 119 为存量测试，22 为本任务新增 `north::mqtt::tests::*`；Doc-tests 0）

3) cargo clippy -p daemon --all-targets -- -D warnings
   EXIT=0（无 warning）
   唯一一次报错为 clippy::derivable_impls（测试用 BrokerOptions 手写 Default），
   已改为 `#[derive(Default)]` 修复。

稳定性复核：`cargo test -p daemon mqtt` 连续 3 次运行 → 22 passed / 0 failed（各约 0.3s），
无 flaky（不依赖外网，全部跑在 127.0.0.1 回环）。

--------------------------------------------------------------------------------
二、测试清单（22 项，`#[cfg(test)] mod tests`，断言均为真实断言）
--------------------------------------------------------------------------------
QA 场景 1（Happy：QoS 1 发布 → 收到 PUBACK）
  1. publish_qos1_receives_puback
     - 断言首事件为 ConnAck、client.is_connected()
     - 断言出站 `Event::Outgoing(Outgoing::Publish(pkid))` 且 pkid == 1（QoS1 必分配报文标识符）
     - 断言收到 `Event::Incoming(Packet::PubAck(ack))` 且 ack.pkid == 1
     - 断言 mock broker 侧观测到 qos=1 / topic=telemetry/dev-1/p1 / payload=b"payload-qos1"
  2. publish_qos0_uses_pkid_zero（QoS0 对照：pkid 必须为 0 且不产生 PUBACK）
  3. subscribe_receives_suback（订阅往返 → SUBACK pkid == 1）

QA 场景 2（Error：Broker 断开 → 自动重连 + 会话恢复）
  4. broker_disconnect_triggers_reconnect_and_session_resume
     - mock broker 在**首次** CONNACK 后立即断开 TCP（drop_connack_times = 1）
     - 断言首次 ConnAck.session_present == false
     - 断言下一次 poll 返回 Err 且错误码落在 ERR_NETWORK/ERR_MQTT/ERR_SECURITY
     - 断言断线后 is_connected()==false 且 retry_after() 被置位（退避生效）
     - 断线期间入队一条 QoS1 报文 → 继续推进 → 断言重连后 ConnAck.session_present == true
       （会话恢复唯一可信观测点）、reconnect_count() >= 1、broker 侧连接数 >= 2
     - 断言该报文在重连后被投递并收到 PUBACK(pkid=1)，且 broker 侧收到
       topic=telemetry/dev-1/offline / payload=b"queued-while-offline"
  5. clean_session_true_does_not_resume_session（对照实验：clean_session=true 时
     重连 session_present 恒为 false，证明 4 的 true 不是偶然）

配置校验（构建期 ConfigError = 2000）
  6. empty_broker_is_rejected
  7. empty_client_id_is_rejected
  8. zero_port_is_rejected
  9. sub_second_keep_alive_is_rejected（keep_alive ∈ (0,1s)）
  10. password_without_username_is_rejected
  11. wildcard_topic_prefix_is_rejected（主题前缀含 + / #）
  12. incomplete_tls_config_is_rejected（TLS 缺 CA / mTLS 半套）
  13. qos_mapping_roundtrip_and_range_check（0/1/2 往返 + 3/9 越界报错）

encoding 每路独立声明
  14. encoding_is_declared_per_endpoint（一路默认 protobuf、一路显式 json，互不干扰）
  15. encoding_parse_accepts_config_literals（大小写不敏感 + proto 别名 + 非法值报错）
  16. config_outlet_encoding_converts_into_north_encoding（config::OutletEncoding → Encoding）
  17. publish_sample_checks_encoding_and_builds_topic
      - 编码器声明(protobuf) ≠ 连接声明(json) → ConfigError，且 **broker 侧一条报文都没收到**
      - 一致时主题 = {prefix}/{device_id}/{point_id} = telemetry/dev-1/p1，
        载荷原样透传（stub 编码器产出 b"json|dev-1|p1|36.5"）
  18. pool_rejects_duplicate_and_unknown_names（重名注册 / 未注册出口 → ConfigError）

连接池与 TLS
  19. pool_routes_publish_to_each_broker（两个独立 mock broker，按出口名路由，互不串台）
  20. tls_config_maps_to_rustls_transport（CA PEM → Transport::Tls；缺失文件 → SecurityError 7000）
  21. non_pem_ca_is_rejected（非 PEM 内容 → SecurityError，不把 panic 留给 rustls）
  22. topic_and_address_helpers（address() = broker:port、topic_for() 拼接）

--------------------------------------------------------------------------------
三、关键设计决策（5 条）
--------------------------------------------------------------------------------
1. 编码只「声明 + 传递 + 校验」，不做序列化（守 task 62 边界）。
   `Encoding { Protobuf(默认) | Json }` 是 EndpointConfig 的一等字段；定义
   `trait PayloadEncoder { fn encoding(&self) -> Encoding; fn encode(&self, &ProcessedSample)
   -> DaemonResult<Vec<u8>>; }` 作为给 task 62 的契约。`MqttClient::publish_sample` 要求调用方
   注入编码器，并**校验 encoder.encoding() == 本路 connection.encoding**，不一致即 ConfigError
   （防 protobuf 字节被推到 JSON 出口）。测试用 StubEncoder 打标验证传递链路，不做真实序列化。

2. 自动重连 = 「不吞错误 + 继续 poll」。
   rumqttc 语义：poll() 出错后 network 置 None、未确认报文搬进 EventLoop::pending，
   下一次 poll() 自动重连。因此 `poll_event()` 把错误**如实返回**给驱动循环，同时置位
   `retry_after`（退避间隔）；调用方 `backoff().await` 后继续 poll 即完成重连。
   这样既保住了「错误可观测」，又不丢失 rumqttc 内建的重连能力。

3. 会话恢复以 CONNACK 的 session_present 为唯一观测点。
   clean_session=false + 固定 client_id → 重连后 broker 回 session_present=true，
   rumqttc 据此不清空 pending（未确认 QoS>0 报文自动重发）。poll_event() 捕获并暴露该标志，
   同时提供 pending_requests()（EventLoop::pending 长度）供诊断。

4. 配置错误一律在构建期暴露（错误码 2000），不把 panic 留给 rumqttc 的 assert!。
   逐条校验：空 broker / 空 client_id / port 0 / QoS 越界 / keep_alive ∈(0,1s) /
   有口令无用户名 / 主题前缀含通配符 / TLS 缺 CA 或 mTLS 半套。
   错误域收敛：TLS·证书 → SecurityError(7000)，IO·超时 → NetworkError(6000)，
   协议·状态机·被拒 → MqttError(5000)（见 map_connection_error）。

5. 重连退避复用南向 `crate::driver::Reconnector`（纯逻辑无 IO，1s→60s、倍率 2 可配），
   避免北向再造一套退避；参数按 endpoint 可配（reconnect_initial/max/multiplier），
   单测用 5ms/50ms 使重连场景毫秒级完成。

--------------------------------------------------------------------------------
四、偏差说明（3 条）
--------------------------------------------------------------------------------
偏差 1（测试策略：本地 mock broker 取代「纯手动驱动 EventLoop」）
  计划建议用 `eventloop.poll()` 手动驱动做无网络单测。实测 rumqttc 0.25.1 的
  `EventLoop::requests_rx` 是私有字段，无法从外部取出 `Request::Publish` 断言；
  而 `poll()` 在 network 为 None 时会先尝试 TCP 连接（无 broker 即超时/报错）。
  适配方式：改为在 **127.0.0.1 回环**起一个极简 MQTT 3.1.1 mock broker（约 200 行，
  手写固定头/varint 编解码，不新增任何依赖），跑真实事件循环。
  收益：断言强度更高（PUBACK 是真实 broker 回的、session_present 是真实 broker 语义、
  broker 侧可反查 topic/payload/qos）；仍不依赖外网。
  代价：单测多出一个测试替身（仅 #[cfg(test)]，不进产物）。

偏差 2（rustls 无进程级 CryptoProvider：TLS 需宿主安装 provider）
  rumqttc 0.25.1 默认 `use-rustls`，但其 rustls 依赖以 `default-features=false,
  features=["std"]` 引入，`ring` 与 `aws-lc-rs` 两个 provider 特性**均未启用**，
  即 Cargo.lock 里 rustls 没有可用 provider；`rustls::crypto::CryptoProvider::get_default()`
  返回 None。
  我最初在 `TlsConfig::to_transport()` 里加了 provider 前置校验（无 provider → SecurityError），
  但进一步查证 rustls 源码后确认：`ClientConfig::builder()` 走的是
  `get_default_or_install_from_crate_features()`，get_default()==None **并不等价于**握手必然失败
  （若宿主启用了 provider 特性则会自动安装），把 None 当错误会误杀。
  故改为：to_transport() 只做「配置 → Transport::Tls」映射（PEM 读入内存），
  provider 要求写入文档注释：宿主二进制须在启动早期
  `rustls::crypto::CryptoProvider::install_default()`，或在 Cargo.toml 为 rustls 启用
  `ring`（纯 Rust）/ `aws-lc-rs`（含 C 构建，与纯 Rust 依赖栈红线冲突）。
  **因本任务不得改 Cargo.toml，未启用 provider；建议主理人在后续工程任务中显式启用 rustls ring 特性
  以让 mqtts 开箱可用。** 本任务的 TLS 相关断言覆盖配置映射与证书读取失败路径（SecurityError 7000），
  不覆盖真实握手（无 provider 环境无法完成）。

偏差 3（EndpointConfig 与 config.rs 的 OutletConfig 尚未接线）
  task 19 只交付 MQTT 客户端本体；`config.rs` 的 `[[outlets]]`（OutletConfig：broker / topic_prefix /
  qos / tls / encoding）到 `EndpointConfig` 的装配（含 broker URL 含 scheme 时的端口与 TLS 推导）
  属于配置装配层工作，未在本任务实现。
  已在 mqtt.rs 内预留单一转换点 `impl From<config::OutletEncoding> for Encoding`，
  并提供 `qos_from_u8()` 供装配层直接复用；装配任务接上即可，无需改本文件。

--------------------------------------------------------------------------------
五、红线自检
--------------------------------------------------------------------------------
- 纯 Rust 依赖栈：只用 rumqttc（use-rustls → rustls + tokio-rustls），未引入 paho-mqtt /
  openssl-sys；TLS 握手需要的 crypto provider 未启用（见偏差 2），无任何 C 编译依赖进入构建。
- 密钥红线：口令字段仅从配置/env 注入（`EndpointConfig.password` 有注释禁止硬编码），
  测试凭证以 TEST_ONLY_ 前缀命名并注释 test-only；证书只存 PEM **路径**，不入库。
- 客户端语义：本文件不含任何解绑 / 重置试用 / 废弃激活码入口。
- 未改动 lib.rs / Cargo.toml / 他人文件（模块声明与依赖由主理人预置）。
- 未 commit。

================================================================================
六、补充轮次：rustls provider 回归守护（主理人已修 Cargo.toml 后的守护性测试）
================================================================================
背景：主理人在 `crates/daemon/Cargo.toml` 增加
  rustls = { version = "0.23", default-features = false, features = ["std", "tls12", "ring"] }
（选 ring 而非 aws-lc-rs：后者 cmake/NASM C 构建，违反纯 Rust 栈红线）。
据此本轮在 `north/mqtt.rs` 内补齐 provider 守护，仍只改这一个文件。

代码改动（均在 crates/daemon/src/north/mqtt.rs）
1. 新增私有函数 `ensure_rustls_provider() -> DaemonResult<()>`：
   - 若宿主已安装 provider（自定义 / FIPS）→ 原样保留，不覆盖；
   - 否则安装 rustls 的 ring 默认 provider（`rustls::crypto::ring::default_provider()
     .install_default()`）；`install_default` 进程内只能成功一次，返回 Err（已被别人装上）
     且 `get_default().is_some()` 时视为就绪；两者皆否则 → `DaemonError::SecurityError`(7000)。
   - **禁止 unwrap**：所有失败路径均转成 DaemonError。
2. `TlsConfig::to_transport()` 在 `validate()` 之后调用 `ensure_rustls_provider()?`。
   → 结论：**宿主二进制无需再额外调用 `install_default()`**，走 `to_transport()` 即自动就位。
3. 新增 `use rustls::crypto::CryptoProvider;`（rustls 现为 daemon 直接依赖）。
4. 新增 2 个单测（见下）。

新增测试名（2 项）
  - `tls_crypto_provider_is_installed`
    走一次真实的 `TlsConfig::ca_only(ca).to_transport()` 构建路径（断言映射到 `Transport::Tls`），
    再断言 `CryptoProvider::get_default().is_some()`。
    注释已写明：**若此测试失败，说明 rustls 的 `ring`/`aws-lc-rs` provider 特性被移除，
    mqtts 将握手失败**。
    双重守护：编译期（`ensure_rustls_provider()` 引用 `rustls::crypto::ring`，特性消失即编译失败）
    + 运行期（本测试的 `get_default().is_some()` 断言）。
  - `ensure_rustls_provider_is_idempotent`
    连续调用 `ensure_rustls_provider()` 两次均须 Ok（幂等，且不覆盖宿主已装的 provider）。

门禁重跑（本轮，环境前缀同上，EXIT 全 0）
  - `cargo fmt -p daemon -- --check`        → FMT_EXIT=0（零 diff；未跑 `cargo fmt -p daemon`，
                                              避免动他人并行文件）
  - `cargo clippy -p daemon --all-targets -- -D warnings` → CLIPPY_EXIT=0（无 warning）
  - `cargo test -p daemon`                  → TEST_EXIT=0
    test result: ok. 143 passed; 0 failed; 0 ignored（其中 `north::mqtt::tests::*` 24 项全绿）
说明：本轮 clippy 耗时 3m35s，原因是并行同事在此期间改了 Cargo.toml（新增 rusqlite，
连带 libsqlite3-sys 首次编译），属他人改动导致的首次构建开销，非本文件问题。

文件行数：crates/daemon/src/north/mqtt.rs = 1924 行（较上一轮 1862 行 +62 行）
仍未 commit。

顺带观察（**非本文件问题，仅记录**）：本轮构建日志出现 `Compiling libsqlite3-sys` /
`Checking rusqlite v0.40.2`，说明已有并行任务为 daemon 引入了 rusqlite（C 编译依赖）。
AGENTS.md 依赖红线第 1 条要求「纯 Rust 依赖栈，禁 rusqlite / openssl-sys 等 C 编译依赖
（引入前需确认 mingw 编译可行性）」。本次 mingw 工具链下它编译通过了（clippy EXIT=0），
但是否符合红线请主理人确认。
